[0.049s] Invoking command in '/workspaces/isaac_ros-dev/ros2/src/build/qcar2_interfaces': CMAKE_PREFIX_PATH=${CMAKE_PREFIX_PATH}:/workspaces/isaac_ros-dev/install/qcar2_autonomy:/workspace/cartographer_ws/install/isaac_ros_test:/opt/ros/humble _=/usr/bin/env /usr/bin/cmake /workspaces/isaac_ros-dev/ros2/src/qcar2_interfaces -DCMAKE_INSTALL_PREFIX=/workspaces/isaac_ros-dev/ros2/src/install/qcar2_interfaces
[0.170s] -- The C compiler identification is GNU 9.4.0
[0.264s] -- The CXX compiler identification is GNU 9.4.0
[0.269s] -- Detecting C compiler ABI info
[0.319s] -- Detecting C compiler ABI info - done
[0.322s] -- Check for working C compiler: /usr/bin/cc - skipped
[0.323s] -- Detecting C compile features
[0.323s] -- Detecting C compile features - done
[0.325s] -- Detecting CXX compiler ABI info
[0.383s] -- Detecting CXX compiler ABI info - done
[0.387s] -- Check for working CXX compiler: /usr/bin/c++ - skipped
[0.388s] -- Detecting CXX compile features
[0.388s] -- Detecting CXX compile features - done
[0.395s] -- Found ament_cmake: 1.3.5 (/opt/ros/humble/share/ament_cmake/cmake)
[0.893s] -- Found Python3: /usr/bin/python3.8 (found version "3.8.10") found components: Interpreter 
[0.979s] -- Found rosidl_default_generators: 1.2.0 (/opt/ros/humble/share/rosidl_default_generators/cmake)
[0.984s] -- Using all available rosidl_typesupport_c: rosidl_typesupport_fastrtps_c;rosidl_typesupport_introspection_c
[0.992s] -- Found rosidl_adapter: 3.1.5 (/opt/ros/humble/share/rosidl_adapter/cmake)
[1.033s] -- Using all available rosidl_typesupport_cpp: rosidl_typesupport_fastrtps_cpp;rosidl_typesupport_introspection_cpp
[1.202s] -- Found ament_cmake_ros: 0.10.0 (/opt/ros/humble/share/ament_cmake_ros/cmake)
[1.284s] -- Using all available rosidl_typesupport_c: rosidl_typesupport_fastrtps_c;rosidl_typesupport_introspection_c
[1.383s] -- Using all available rosidl_typesupport_cpp: rosidl_typesupport_fastrtps_cpp;rosidl_typesupport_introspection_cpp
[1.404s] -- Found PythonInterp: /usr/bin/python3 (found suitable version "3.8.10", minimum required is "3.6") 
[1.407s] -- Found python_cmake_module: 0.10.0 (/opt/ros/humble/share/python_cmake_module/cmake)
[1.433s] -- Found PythonLibs: /usr/lib/x86_64-linux-gnu/libpython3.8.so (found suitable version "3.8.10", minimum required is "3.5") 
[1.433s] -- Using PYTHON_EXECUTABLE: /usr/bin/python3
[1.433s] -- Using PYTHON_INCLUDE_DIRS: /usr/include/python3.8
[1.433s] -- Using PYTHON_LIBRARIES: /usr/lib/x86_64-linux-gnu/libpython3.8.so
[1.454s] -- Found PythonExtra: .so  
[1.491s] -- Found ament_lint_auto: 0.12.8 (/opt/ros/humble/share/ament_lint_auto/cmake)
[1.516s] -- Added test 'lint_cmake' to check CMake code style
[1.517s] -- Added test 'xmllint' to check XML markup files
[1.519s] -- Configuring done
[1.538s] -- Generating done
[1.540s] -- Build files have been written to: /workspaces/isaac_ros-dev/ros2/src/build/qcar2_interfaces
[1.546s] Invoked command in '/workspaces/isaac_ros-dev/ros2/src/build/qcar2_interfaces' returned '0': CMAKE_PREFIX_PATH=${CMAKE_PREFIX_PATH}:/workspaces/isaac_ros-dev/install/qcar2_autonomy:/workspace/cartographer_ws/install/isaac_ros_test:/opt/ros/humble _=/usr/bin/env /usr/bin/cmake /workspaces/isaac_ros-dev/ros2/src/qcar2_interfaces -DCMAKE_INSTALL_PREFIX=/workspaces/isaac_ros-dev/ros2/src/install/qcar2_interfaces
[1.549s] Invoking command in '/workspaces/isaac_ros-dev/ros2/src/build/qcar2_interfaces': CMAKE_PREFIX_PATH=${CMAKE_PREFIX_PATH}:/workspaces/isaac_ros-dev/install/qcar2_autonomy:/workspace/cartographer_ws/install/isaac_ros_test:/opt/ros/humble _=/usr/bin/env /usr/bin/cmake --build /workspaces/isaac_ros-dev/ros2/src/build/qcar2_interfaces -- -j24 -l24
[1.573s] [  2%] [34m[1mGenerating C code for ROS interfaces[0m
[1.583s] [  5%] [34m[1mGenerating C++ code for ROS interfaces[0m
[1.584s] [  5%] Built target ament_cmake_python_copy_qcar2_interfaces
[1.777s] running egg_info
[1.777s] creating qcar2_interfaces.egg-info
[1.783s] writing qcar2_interfaces.egg-info/PKG-INFO
[1.783s] writing dependency_links to qcar2_interfaces.egg-info/dependency_links.txt
[1.783s] writing top-level names to qcar2_interfaces.egg-info/top_level.txt
[1.783s] writing manifest file 'qcar2_interfaces.egg-info/SOURCES.txt'
[1.799s] reading manifest file 'qcar2_interfaces.egg-info/SOURCES.txt'
[1.799s] writing manifest file 'qcar2_interfaces.egg-info/SOURCES.txt'
[1.805s] [ 10%] [32mBuilding C object CMakeFiles/qcar2_interfaces__rosidl_generator_c.dir/rosidl_generator_c/qcar2_interfaces/msg/detail/motor_commands__functions.c.o[0m
[1.806s] [ 10%] [32mBuilding C object CMakeFiles/qcar2_interfaces__rosidl_generator_c.dir/rosidl_generator_c/qcar2_interfaces/msg/detail/boolean_leds__functions.c.o[0m
[1.830s] [ 10%] Built target ament_cmake_python_build_qcar2_interfaces_egg
[1.833s] [ 10%] Built target qcar2_interfaces__cpp
[1.842s] [ 12%] [34m[1mGenerating C++ type support dispatch for ROS interfaces[0m
[1.842s] [ 15%] [34m[1mGenerating C++ type support for eProsima Fast-RTPS[0m
[1.843s] [ 17%] [34m[1mGenerating C++ introspection for ROS interfaces[0m
[1.851s] [ 20%] [32m[1mLinking C shared library libqcar2_interfaces__rosidl_generator_c.so[0m
[1.877s] [ 20%] Built target qcar2_interfaces__rosidl_generator_c
[1.886s] [ 25%] [34m[1mGenerating C introspection for ROS interfaces[0m
[1.886s] [ 25%] [34m[1mGenerating C type support dispatch for ROS interfaces[0m
[1.887s] [ 28%] [34m[1mGenerating C type support for eProsima Fast-RTPS[0m
[2.009s] [ 30%] [32mBuilding CXX object CMakeFiles/qcar2_interfaces__rosidl_typesupport_fastrtps_cpp.dir/rosidl_typesupport_fastrtps_cpp/qcar2_interfaces/msg/detail/dds_fastrtps/motor_commands__type_support.cpp.o[0m
[2.009s] [ 33%] [32mBuilding CXX object CMakeFiles/qcar2_interfaces__rosidl_typesupport_fastrtps_cpp.dir/rosidl_typesupport_fastrtps_cpp/qcar2_interfaces/msg/detail/dds_fastrtps/boolean_leds__type_support.cpp.o[0m
[2.027s] [ 38%] [32mBuilding CXX object CMakeFiles/qcar2_interfaces__rosidl_typesupport_introspection_cpp.dir/rosidl_typesupport_introspection_cpp/qcar2_interfaces/msg/detail/boolean_leds__type_support.cpp.o[0m
[2.027s] [ 38%] [32mBuilding CXX object CMakeFiles/qcar2_interfaces__rosidl_typesupport_introspection_cpp.dir/rosidl_typesupport_introspection_cpp/qcar2_interfaces/msg/detail/motor_commands__type_support.cpp.o[0m
[2.053s] [ 43%] [32mBuilding CXX object CMakeFiles/qcar2_interfaces__rosidl_typesupport_cpp.dir/rosidl_typesupport_cpp/qcar2_interfaces/msg/motor_commands__type_support.cpp.o[0m
[2.053s] [ 43%] [32mBuilding CXX object CMakeFiles/qcar2_interfaces__rosidl_typesupport_cpp.dir/rosidl_typesupport_cpp/qcar2_interfaces/msg/boolean_leds__type_support.cpp.o[0m
[2.061s] [ 48%] [32mBuilding C object CMakeFiles/qcar2_interfaces__rosidl_typesupport_introspection_c.dir/rosidl_typesupport_introspection_c/qcar2_interfaces/msg/detail/boolean_leds__type_support.c.o[0m
[2.061s] [ 48%] [32mBuilding C object CMakeFiles/qcar2_interfaces__rosidl_typesupport_introspection_c.dir/rosidl_typesupport_introspection_c/qcar2_interfaces/msg/detail/motor_commands__type_support.c.o[0m
[2.089s] [ 51%] [32mBuilding CXX object CMakeFiles/qcar2_interfaces__rosidl_typesupport_c.dir/rosidl_typesupport_c/qcar2_interfaces/msg/boolean_leds__type_support.cpp.o[0m
[2.089s] [ 53%] [32mBuilding CXX object CMakeFiles/qcar2_interfaces__rosidl_typesupport_c.dir/rosidl_typesupport_c/qcar2_interfaces/msg/motor_commands__type_support.cpp.o[0m
[2.096s] [ 56%] [32m[1mLinking C shared library libqcar2_interfaces__rosidl_typesupport_introspection_c.so[0m
[2.116s] [ 58%] [32m[1mLinking CXX shared library libqcar2_interfaces__rosidl_typesupport_c.so[0m
[2.117s] [ 58%] Built target qcar2_interfaces__rosidl_typesupport_introspection_c
[2.148s] [ 58%] Built target qcar2_interfaces__rosidl_typesupport_c
[2.212s] [ 61%] [32mBuilding CXX object CMakeFiles/qcar2_interfaces__rosidl_typesupport_fastrtps_c.dir/rosidl_typesupport_fastrtps_c/qcar2_interfaces/msg/detail/boolean_leds__type_support_c.cpp.o[0m
[2.213s] [ 64%] [32mBuilding CXX object CMakeFiles/qcar2_interfaces__rosidl_typesupport_fastrtps_c.dir/rosidl_typesupport_fastrtps_c/qcar2_interfaces/msg/detail/motor_commands__type_support_c.cpp.o[0m
[2.333s] [ 66%] [32m[1mLinking CXX shared library libqcar2_interfaces__rosidl_typesupport_fastrtps_cpp.so[0m
[2.367s] [ 69%] [32m[1mLinking CXX shared library libqcar2_interfaces__rosidl_typesupport_cpp.so[0m
[2.386s] [ 71%] [32m[1mLinking CXX shared library libqcar2_interfaces__rosidl_typesupport_introspection_cpp.so[0m
[2.389s] [ 71%] Built target qcar2_interfaces__rosidl_typesupport_fastrtps_cpp
[2.400s] [ 71%] Built target qcar2_interfaces__rosidl_typesupport_cpp
[2.431s] [ 74%] [32m[1mLinking CXX shared library libqcar2_interfaces__rosidl_typesupport_fastrtps_c.so[0m
[2.444s] [ 74%] Built target qcar2_interfaces__rosidl_typesupport_introspection_cpp
[2.482s] [ 74%] Built target qcar2_interfaces__rosidl_typesupport_fastrtps_c
[2.501s] [ 74%] Built target qcar2_interfaces
[2.519s] [ 76%] [34m[1mGenerating Python code for ROS interfaces[0m
[2.744s] [ 76%] Built target qcar2_interfaces__py
[2.763s] [ 82%] [32mBuilding C object CMakeFiles/qcar2_interfaces__rosidl_generator_py.dir/rosidl_generator_py/qcar2_interfaces/msg/_motor_commands_s.c.o[0m
[2.763s] [ 82%] [32mBuilding C object CMakeFiles/qcar2_interfaces__rosidl_generator_py.dir/rosidl_generator_py/qcar2_interfaces/msg/_boolean_leds_s.c.o[0m
[2.844s] [ 84%] [32m[1mLinking C shared library rosidl_generator_py/qcar2_interfaces/libqcar2_interfaces__rosidl_generator_py.so[0m
[2.873s] [ 84%] Built target qcar2_interfaces__rosidl_generator_py
[2.892s] [ 87%] [32mBuilding C object CMakeFiles/qcar2_interfaces__rosidl_typesupport_fastrtps_c__pyext.dir/rosidl_generator_py/qcar2_interfaces/_qcar2_interfaces_s.ep.rosidl_typesupport_fastrtps_c.c.o[0m
[2.892s] [ 92%] [32mBuilding C object CMakeFiles/qcar2_interfaces__rosidl_typesupport_c__pyext.dir/rosidl_generator_py/qcar2_interfaces/_qcar2_interfaces_s.ep.rosidl_typesupport_c.c.o[0m
[2.892s] [ 92%] [32mBuilding C object CMakeFiles/qcar2_interfaces__rosidl_typesupport_introspection_c__pyext.dir/rosidl_generator_py/qcar2_interfaces/_qcar2_interfaces_s.ep.rosidl_typesupport_introspection_c.c.o[0m
[2.950s] [100%] [32m[1mLinking C shared library rosidl_generator_py/qcar2_interfaces/qcar2_interfaces_s__rosidl_typesupport_fastrtps_c.cpython-38-x86_64-linux-gnu.so[0m
[2.950s] [100%] [32m[1mLinking C shared library rosidl_generator_py/qcar2_interfaces/qcar2_interfaces_s__rosidl_typesupport_introspection_c.cpython-38-x86_64-linux-gnu.so[0m
[2.950s] [100%] [32m[1mLinking C shared library rosidl_generator_py/qcar2_interfaces/qcar2_interfaces_s__rosidl_typesupport_c.cpython-38-x86_64-linux-gnu.so[0m
[2.973s] [100%] Built target qcar2_interfaces__rosidl_typesupport_c__pyext
[2.973s] [100%] Built target qcar2_interfaces__rosidl_typesupport_introspection_c__pyext
[2.975s] [100%] Built target qcar2_interfaces__rosidl_typesupport_fastrtps_c__pyext
[2.981s] Invoked command in '/workspaces/isaac_ros-dev/ros2/src/build/qcar2_interfaces' returned '0': CMAKE_PREFIX_PATH=${CMAKE_PREFIX_PATH}:/workspaces/isaac_ros-dev/install/qcar2_autonomy:/workspace/cartographer_ws/install/isaac_ros_test:/opt/ros/humble _=/usr/bin/env /usr/bin/cmake --build /workspaces/isaac_ros-dev/ros2/src/build/qcar2_interfaces -- -j24 -l24
[3.508s] Invoking command in '/workspaces/isaac_ros-dev/ros2/src/build/qcar2_interfaces': CMAKE_PREFIX_PATH=${CMAKE_PREFIX_PATH}:/workspaces/isaac_ros-dev/install/qcar2_autonomy:/workspace/cartographer_ws/install/isaac_ros_test:/opt/ros/humble _=/usr/bin/env /usr/bin/cmake --install /workspaces/isaac_ros-dev/ros2/src/build/qcar2_interfaces
[3.511s] -- Install configuration: ""
[3.511s] -- Installing: /workspaces/isaac_ros-dev/ros2/src/install/qcar2_interfaces/share/ament_index/resource_index/rosidl_interfaces/qcar2_interfaces
[3.511s] -- Installing: /workspaces/isaac_ros-dev/ros2/src/install/qcar2_interfaces/include/qcar2_interfaces/qcar2_interfaces
[3.512s] -- Installing: /workspaces/isaac_ros-dev/ros2/src/install/qcar2_interfaces/include/qcar2_interfaces/qcar2_interfaces/msg
[3.512s] -- Installing: /workspaces/isaac_ros-dev/ros2/src/install/qcar2_interfaces/include/qcar2_interfaces/qcar2_interfaces/msg/motor_commands.h
[3.512s] -- Installing: /workspaces/isaac_ros-dev/ros2/src/install/qcar2_interfaces/include/qcar2_interfaces/qcar2_interfaces/msg/boolean_leds.h
[3.512s] -- Installing: /workspaces/isaac_ros-dev/ros2/src/install/qcar2_interfaces/include/qcar2_interfaces/qcar2_interfaces/msg/detail
[3.512s] -- Installing: /workspaces/isaac_ros-dev/ros2/src/install/qcar2_interfaces/include/qcar2_interfaces/qcar2_interfaces/msg/detail/boolean_leds__type_support.h
[3.512s] -- Installing: /workspaces/isaac_ros-dev/ros2/src/install/qcar2_interfaces/include/qcar2_interfaces/qcar2_interfaces/msg/detail/boolean_leds__functions.h
[3.512s] -- Installing: /workspaces/isaac_ros-dev/ros2/src/install/qcar2_interfaces/include/qcar2_interfaces/qcar2_interfaces/msg/detail/motor_commands__functions.c
[3.512s] -- Installing: /workspaces/isaac_ros-dev/ros2/src/install/qcar2_interfaces/include/qcar2_interfaces/qcar2_interfaces/msg/detail/motor_commands__functions.h
[3.512s] -- Installing: /workspaces/isaac_ros-dev/ros2/src/install/qcar2_interfaces/include/qcar2_interfaces/qcar2_interfaces/msg/detail/motor_commands__struct.h
[3.512s] -- Installing: /workspaces/isaac_ros-dev/ros2/src/install/qcar2_interfaces/include/qcar2_interfaces/qcar2_interfaces/msg/detail/boolean_leds__struct.h
[3.512s] -- Installing: /workspaces/isaac_ros-dev/ros2/src/install/qcar2_interfaces/include/qcar2_interfaces/qcar2_interfaces/msg/detail/boolean_leds__functions.c
[3.512s] -- Installing: /workspaces/isaac_ros-dev/ros2/src/install/qcar2_interfaces/include/qcar2_interfaces/qcar2_interfaces/msg/detail/motor_commands__type_support.h
[3.512s] -- Installing: /workspaces/isaac_ros-dev/ros2/src/install/qcar2_interfaces/include/qcar2_interfaces/qcar2_interfaces/msg/rosidl_generator_c__visibility_control.h
[3.512s] -- Installing: /workspaces/isaac_ros-dev/ros2/src/install/qcar2_interfaces/share/qcar2_interfaces/environment/library_path.sh
[3.512s] -- Installing: /workspaces/isaac_ros-dev/ros2/src/install/qcar2_interfaces/share/qcar2_interfaces/environment/library_path.dsv
[3.512s] -- Installing: /workspaces/isaac_ros-dev/ros2/src/install/qcar2_interfaces/lib/libqcar2_interfaces__rosidl_generator_c.so
[3.512s] -- Set runtime path of "/workspaces/isaac_ros-dev/ros2/src/install/qcar2_interfaces/lib/libqcar2_interfaces__rosidl_generator_c.so" to ""
[3.512s] -- Up-to-date: /workspaces/isaac_ros-dev/ros2/src/install/qcar2_interfaces/include/qcar2_interfaces/qcar2_interfaces
[3.512s] -- Up-to-date: /workspaces/isaac_ros-dev/ros2/src/install/qcar2_interfaces/include/qcar2_interfaces/qcar2_interfaces/msg
[3.513s] -- Installing: /workspaces/isaac_ros-dev/ros2/src/install/qcar2_interfaces/include/qcar2_interfaces/qcar2_interfaces/msg/rosidl_typesupport_fastrtps_c__visibility_control.h
[3.513s] -- Up-to-date: /workspaces/isaac_ros-dev/ros2/src/install/qcar2_interfaces/include/qcar2_interfaces/qcar2_interfaces/msg/detail
[3.513s] -- Installing: /workspaces/isaac_ros-dev/ros2/src/install/qcar2_interfaces/include/qcar2_interfaces/qcar2_interfaces/msg/detail/motor_commands__rosidl_typesupport_fastrtps_c.h
[3.513s] -- Installing: /workspaces/isaac_ros-dev/ros2/src/install/qcar2_interfaces/include/qcar2_interfaces/qcar2_interfaces/msg/detail/boolean_leds__rosidl_typesupport_fastrtps_c.h
[3.513s] -- Installing: /workspaces/isaac_ros-dev/ros2/src/install/qcar2_interfaces/lib/libqcar2_interfaces__rosidl_typesupport_fastrtps_c.so
[3.513s] -- Set runtime path of "/workspaces/isaac_ros-dev/ros2/src/install/qcar2_interfaces/lib/libqcar2_interfaces__rosidl_typesupport_fastrtps_c.so" to ""
[3.513s] -- Up-to-date: /workspaces/isaac_ros-dev/ros2/src/install/qcar2_interfaces/include/qcar2_interfaces/qcar2_interfaces
[3.513s] -- Up-to-date: /workspaces/isaac_ros-dev/ros2/src/install/qcar2_interfaces/include/qcar2_interfaces/qcar2_interfaces/msg
[3.513s] -- Up-to-date: /workspaces/isaac_ros-dev/ros2/src/install/qcar2_interfaces/include/qcar2_interfaces/qcar2_interfaces/msg/detail
[3.513s] -- Installing: /workspaces/isaac_ros-dev/ros2/src/install/qcar2_interfaces/include/qcar2_interfaces/qcar2_interfaces/msg/detail/motor_commands__rosidl_typesupport_introspection_c.h
[3.513s] -- Installing: /workspaces/isaac_ros-dev/ros2/src/install/qcar2_interfaces/include/qcar2_interfaces/qcar2_interfaces/msg/detail/boolean_leds__type_support.c
[3.514s] -- Installing: /workspaces/isaac_ros-dev/ros2/src/install/qcar2_interfaces/include/qcar2_interfaces/qcar2_interfaces/msg/detail/motor_commands__type_support.c
[3.514s] -- Installing: /workspaces/isaac_ros-dev/ros2/src/install/qcar2_interfaces/include/qcar2_interfaces/qcar2_interfaces/msg/detail/boolean_leds__rosidl_typesupport_introspection_c.h
[3.514s] -- Installing: /workspaces/isaac_ros-dev/ros2/src/install/qcar2_interfaces/include/qcar2_interfaces/qcar2_interfaces/msg/rosidl_typesupport_introspection_c__visibility_control.h
[3.514s] -- Installing: /workspaces/isaac_ros-dev/ros2/src/install/qcar2_interfaces/lib/libqcar2_interfaces__rosidl_typesupport_introspection_c.so
[3.514s] -- Set runtime path of "/workspaces/isaac_ros-dev/ros2/src/install/qcar2_interfaces/lib/libqcar2_interfaces__rosidl_typesupport_introspection_c.so" to ""
[3.514s] -- Installing: /workspaces/isaac_ros-dev/ros2/src/install/qcar2_interfaces/lib/libqcar2_interfaces__rosidl_typesupport_c.so
[3.514s] -- Set runtime path of "/workspaces/isaac_ros-dev/ros2/src/install/qcar2_interfaces/lib/libqcar2_interfaces__rosidl_typesupport_c.so" to ""
[3.514s] -- Up-to-date: /workspaces/isaac_ros-dev/ros2/src/install/qcar2_interfaces/include/qcar2_interfaces/qcar2_interfaces
[3.514s] -- Up-to-date: /workspaces/isaac_ros-dev/ros2/src/install/qcar2_interfaces/include/qcar2_interfaces/qcar2_interfaces/msg
[3.514s] -- Installing: /workspaces/isaac_ros-dev/ros2/src/install/qcar2_interfaces/include/qcar2_interfaces/qcar2_interfaces/msg/motor_commands.hpp
[3.514s] -- Installing: /workspaces/isaac_ros-dev/ros2/src/install/qcar2_interfaces/include/qcar2_interfaces/qcar2_interfaces/msg/boolean_leds.hpp
[3.514s] -- Up-to-date: /workspaces/isaac_ros-dev/ros2/src/install/qcar2_interfaces/include/qcar2_interfaces/qcar2_interfaces/msg/detail
[3.514s] -- Installing: /workspaces/isaac_ros-dev/ros2/src/install/qcar2_interfaces/include/qcar2_interfaces/qcar2_interfaces/msg/detail/motor_commands__struct.hpp
[3.514s] -- Installing: /workspaces/isaac_ros-dev/ros2/src/install/qcar2_interfaces/include/qcar2_interfaces/qcar2_interfaces/msg/detail/motor_commands__builder.hpp
[3.514s] -- Installing: /workspaces/isaac_ros-dev/ros2/src/install/qcar2_interfaces/include/qcar2_interfaces/qcar2_interfaces/msg/detail/boolean_leds__builder.hpp
[3.514s] -- Installing: /workspaces/isaac_ros-dev/ros2/src/install/qcar2_interfaces/include/qcar2_interfaces/qcar2_interfaces/msg/detail/motor_commands__traits.hpp
[3.514s] -- Installing: /workspaces/isaac_ros-dev/ros2/src/install/qcar2_interfaces/include/qcar2_interfaces/qcar2_interfaces/msg/detail/boolean_leds__struct.hpp
[3.514s] -- Installing: /workspaces/isaac_ros-dev/ros2/src/install/qcar2_interfaces/include/qcar2_interfaces/qcar2_interfaces/msg/detail/boolean_leds__traits.hpp
[3.514s] -- Up-to-date: /workspaces/isaac_ros-dev/ros2/src/install/qcar2_interfaces/include/qcar2_interfaces/qcar2_interfaces
[3.514s] -- Up-to-date: /workspaces/isaac_ros-dev/ros2/src/install/qcar2_interfaces/include/qcar2_interfaces/qcar2_interfaces/msg
[3.514s] -- Installing: /workspaces/isaac_ros-dev/ros2/src/install/qcar2_interfaces/include/qcar2_interfaces/qcar2_interfaces/msg/rosidl_typesupport_fastrtps_cpp__visibility_control.h
[3.514s] -- Up-to-date: /workspaces/isaac_ros-dev/ros2/src/install/qcar2_interfaces/include/qcar2_interfaces/qcar2_interfaces/msg/detail
[3.514s] -- Installing: /workspaces/isaac_ros-dev/ros2/src/install/qcar2_interfaces/include/qcar2_interfaces/qcar2_interfaces/msg/detail/motor_commands__rosidl_typesupport_fastrtps_cpp.hpp
[3.514s] -- Installing: /workspaces/isaac_ros-dev/ros2/src/install/qcar2_interfaces/include/qcar2_interfaces/qcar2_interfaces/msg/detail/boolean_leds__rosidl_typesupport_fastrtps_cpp.hpp
[3.514s] -- Installing: /workspaces/isaac_ros-dev/ros2/src/install/qcar2_interfaces/include/qcar2_interfaces/qcar2_interfaces/msg/detail/dds_fastrtps
[3.514s] -- Installing: /workspaces/isaac_ros-dev/ros2/src/install/qcar2_interfaces/lib/libqcar2_interfaces__rosidl_typesupport_fastrtps_cpp.so
[3.515s] -- Set runtime path of "/workspaces/isaac_ros-dev/ros2/src/install/qcar2_interfaces/lib/libqcar2_interfaces__rosidl_typesupport_fastrtps_cpp.so" to ""
[3.515s] -- Up-to-date: /workspaces/isaac_ros-dev/ros2/src/install/qcar2_interfaces/include/qcar2_interfaces/qcar2_interfaces
[3.515s] -- Up-to-date: /workspaces/isaac_ros-dev/ros2/src/install/qcar2_interfaces/include/qcar2_interfaces/qcar2_interfaces/msg
[3.515s] -- Up-to-date: /workspaces/isaac_ros-dev/ros2/src/install/qcar2_interfaces/include/qcar2_interfaces/qcar2_interfaces/msg/detail
[3.515s] -- Installing: /workspaces/isaac_ros-dev/ros2/src/install/qcar2_interfaces/include/qcar2_interfaces/qcar2_interfaces/msg/detail/boolean_leds__rosidl_typesupport_introspection_cpp.hpp
[3.515s] -- Installing: /workspaces/isaac_ros-dev/ros2/src/install/qcar2_interfaces/include/qcar2_interfaces/qcar2_interfaces/msg/detail/motor_commands__type_support.cpp
[3.515s] -- Installing: /workspaces/isaac_ros-dev/ros2/src/install/qcar2_interfaces/include/qcar2_interfaces/qcar2_interfaces/msg/detail/boolean_leds__type_support.cpp
[3.515s] -- Installing: /workspaces/isaac_ros-dev/ros2/src/install/qcar2_interfaces/include/qcar2_interfaces/qcar2_interfaces/msg/detail/motor_commands__rosidl_typesupport_introspection_cpp.hpp
[3.515s] -- Installing: /workspaces/isaac_ros-dev/ros2/src/install/qcar2_interfaces/lib/libqcar2_interfaces__rosidl_typesupport_introspection_cpp.so
[3.515s] -- Set runtime path of "/workspaces/isaac_ros-dev/ros2/src/install/qcar2_interfaces/lib/libqcar2_interfaces__rosidl_typesupport_introspection_cpp.so" to ""
[3.515s] -- Installing: /workspaces/isaac_ros-dev/ros2/src/install/qcar2_interfaces/lib/libqcar2_interfaces__rosidl_typesupport_cpp.so
[3.515s] -- Set runtime path of "/workspaces/isaac_ros-dev/ros2/src/install/qcar2_interfaces/lib/libqcar2_interfaces__rosidl_typesupport_cpp.so" to ""
[3.515s] -- Installing: /workspaces/isaac_ros-dev/ros2/src/install/qcar2_interfaces/share/qcar2_interfaces/environment/pythonpath.sh
[3.515s] -- Installing: /workspaces/isaac_ros-dev/ros2/src/install/qcar2_interfaces/share/qcar2_interfaces/environment/pythonpath.dsv
[3.515s] -- Installing: /workspaces/isaac_ros-dev/ros2/src/install/qcar2_interfaces/lib/python3.8/site-packages/qcar2_interfaces-0.0.0-py3.8.egg-info
[3.515s] -- Installing: /workspaces/isaac_ros-dev/ros2/src/install/qcar2_interfaces/lib/python3.8/site-packages/qcar2_interfaces-0.0.0-py3.8.egg-info/dependency_links.txt
[3.515s] -- Installing: /workspaces/isaac_ros-dev/ros2/src/install/qcar2_interfaces/lib/python3.8/site-packages/qcar2_interfaces-0.0.0-py3.8.egg-info/SOURCES.txt
[3.515s] -- Installing: /workspaces/isaac_ros-dev/ros2/src/install/qcar2_interfaces/lib/python3.8/site-packages/qcar2_interfaces-0.0.0-py3.8.egg-info/PKG-INFO
[3.516s] -- Installing: /workspaces/isaac_ros-dev/ros2/src/install/qcar2_interfaces/lib/python3.8/site-packages/qcar2_interfaces-0.0.0-py3.8.egg-info/top_level.txt
[3.516s] -- Installing: /workspaces/isaac_ros-dev/ros2/src/install/qcar2_interfaces/lib/python3.8/site-packages/qcar2_interfaces
[3.516s] -- Installing: /workspaces/isaac_ros-dev/ros2/src/install/qcar2_interfaces/lib/python3.8/site-packages/qcar2_interfaces/libqcar2_interfaces__rosidl_generator_py.so
[3.516s] -- Installing: /workspaces/isaac_ros-dev/ros2/src/install/qcar2_interfaces/lib/python3.8/site-packages/qcar2_interfaces/_qcar2_interfaces_s.ep.rosidl_typesupport_introspection_c.c
[3.516s] -- Installing: /workspaces/isaac_ros-dev/ros2/src/install/qcar2_interfaces/lib/python3.8/site-packages/qcar2_interfaces/qcar2_interfaces_s__rosidl_typesupport_c.cpython-38-x86_64-linux-gnu.so
[3.516s] -- Installing: /workspaces/isaac_ros-dev/ros2/src/install/qcar2_interfaces/lib/python3.8/site-packages/qcar2_interfaces/__init__.py
[3.516s] -- Installing: /workspaces/isaac_ros-dev/ros2/src/install/qcar2_interfaces/lib/python3.8/site-packages/qcar2_interfaces/qcar2_interfaces_s__rosidl_typesupport_fastrtps_c.cpython-38-x86_64-linux-gnu.so
[3.516s] -- Installing: /workspaces/isaac_ros-dev/ros2/src/install/qcar2_interfaces/lib/python3.8/site-packages/qcar2_interfaces/_qcar2_interfaces_s.ep.rosidl_typesupport_fastrtps_c.c
[3.516s] -- Installing: /workspaces/isaac_ros-dev/ros2/src/install/qcar2_interfaces/lib/python3.8/site-packages/qcar2_interfaces/_qcar2_interfaces_s.ep.rosidl_typesupport_c.c
[3.516s] -- Installing: /workspaces/isaac_ros-dev/ros2/src/install/qcar2_interfaces/lib/python3.8/site-packages/qcar2_interfaces/qcar2_interfaces_s__rosidl_typesupport_introspection_c.cpython-38-x86_64-linux-gnu.so
[3.516s] -- Installing: /workspaces/isaac_ros-dev/ros2/src/install/qcar2_interfaces/lib/python3.8/site-packages/qcar2_interfaces/msg
[3.516s] -- Installing: /workspaces/isaac_ros-dev/ros2/src/install/qcar2_interfaces/lib/python3.8/site-packages/qcar2_interfaces/msg/__init__.py
[3.516s] -- Installing: /workspaces/isaac_ros-dev/ros2/src/install/qcar2_interfaces/lib/python3.8/site-packages/qcar2_interfaces/msg/_motor_commands.py
[3.517s] -- Installing: /workspaces/isaac_ros-dev/ros2/src/install/qcar2_interfaces/lib/python3.8/site-packages/qcar2_interfaces/msg/_boolean_leds_s.c
[3.517s] -- Installing: /workspaces/isaac_ros-dev/ros2/src/install/qcar2_interfaces/lib/python3.8/site-packages/qcar2_interfaces/msg/_boolean_leds.py
[3.517s] -- Installing: /workspaces/isaac_ros-dev/ros2/src/install/qcar2_interfaces/lib/python3.8/site-packages/qcar2_interfaces/msg/_motor_commands_s.c
[3.544s] Listing '/workspaces/isaac_ros-dev/ros2/src/install/qcar2_interfaces/lib/python3.8/site-packages/qcar2_interfaces'...
[3.544s] Compiling '/workspaces/isaac_ros-dev/ros2/src/install/qcar2_interfaces/lib/python3.8/site-packages/qcar2_interfaces/__init__.py'...
[3.544s] Listing '/workspaces/isaac_ros-dev/ros2/src/install/qcar2_interfaces/lib/python3.8/site-packages/qcar2_interfaces/msg'...
[3.544s] Compiling '/workspaces/isaac_ros-dev/ros2/src/install/qcar2_interfaces/lib/python3.8/site-packages/qcar2_interfaces/msg/__init__.py'...
[3.544s] Compiling '/workspaces/isaac_ros-dev/ros2/src/install/qcar2_interfaces/lib/python3.8/site-packages/qcar2_interfaces/msg/_boolean_leds.py'...
[3.544s] Compiling '/workspaces/isaac_ros-dev/ros2/src/install/qcar2_interfaces/lib/python3.8/site-packages/qcar2_interfaces/msg/_motor_commands.py'...
[3.548s] -- Installing: /workspaces/isaac_ros-dev/ros2/src/install/qcar2_interfaces/lib/python3.8/site-packages/qcar2_interfaces/qcar2_interfaces_s__rosidl_typesupport_fastrtps_c.cpython-38-x86_64-linux-gnu.so
[3.548s] -- Set runtime path of "/workspaces/isaac_ros-dev/ros2/src/install/qcar2_interfaces/lib/python3.8/site-packages/qcar2_interfaces/qcar2_interfaces_s__rosidl_typesupport_fastrtps_c.cpython-38-x86_64-linux-gnu.so" to ""
[3.548s] -- Installing: /workspaces/isaac_ros-dev/ros2/src/install/qcar2_interfaces/lib/python3.8/site-packages/qcar2_interfaces/qcar2_interfaces_s__rosidl_typesupport_introspection_c.cpython-38-x86_64-linux-gnu.so
[3.548s] -- Set runtime path of "/workspaces/isaac_ros-dev/ros2/src/install/qcar2_interfaces/lib/python3.8/site-packages/qcar2_interfaces/qcar2_interfaces_s__rosidl_typesupport_introspection_c.cpython-38-x86_64-linux-gnu.so" to ""
[3.548s] -- Installing: /workspaces/isaac_ros-dev/ros2/src/install/qcar2_interfaces/lib/python3.8/site-packages/qcar2_interfaces/qcar2_interfaces_s__rosidl_typesupport_c.cpython-38-x86_64-linux-gnu.so
[3.549s] -- Set runtime path of "/workspaces/isaac_ros-dev/ros2/src/install/qcar2_interfaces/lib/python3.8/site-packages/qcar2_interfaces/qcar2_interfaces_s__rosidl_typesupport_c.cpython-38-x86_64-linux-gnu.so" to ""
[3.549s] -- Installing: /workspaces/isaac_ros-dev/ros2/src/install/qcar2_interfaces/lib/libqcar2_interfaces__rosidl_generator_py.so
[3.549s] -- Set runtime path of "/workspaces/isaac_ros-dev/ros2/src/install/qcar2_interfaces/lib/libqcar2_interfaces__rosidl_generator_py.so" to ""
[3.549s] -- Installing: /workspaces/isaac_ros-dev/ros2/src/install/qcar2_interfaces/share/qcar2_interfaces/msg/MotorCommands.idl
[3.549s] -- Installing: /workspaces/isaac_ros-dev/ros2/src/install/qcar2_interfaces/share/qcar2_interfaces/msg/BooleanLeds.idl
[3.549s] -- Installing: /workspaces/isaac_ros-dev/ros2/src/install/qcar2_interfaces/share/qcar2_interfaces/msg/MotorCommands.msg
[3.549s] -- Installing: /workspaces/isaac_ros-dev/ros2/src/install/qcar2_interfaces/share/qcar2_interfaces/msg/BooleanLeds.msg
[3.549s] -- Installing: /workspaces/isaac_ros-dev/ros2/src/install/qcar2_interfaces/share/ament_index/resource_index/package_run_dependencies/qcar2_interfaces
[3.549s] -- Installing: /workspaces/isaac_ros-dev/ros2/src/install/qcar2_interfaces/share/ament_index/resource_index/parent_prefix_path/qcar2_interfaces
[3.549s] -- Installing: /workspaces/isaac_ros-dev/ros2/src/install/qcar2_interfaces/share/qcar2_interfaces/environment/ament_prefix_path.sh
[3.549s] -- Installing: /workspaces/isaac_ros-dev/ros2/src/install/qcar2_interfaces/share/qcar2_interfaces/environment/ament_prefix_path.dsv
[3.549s] -- Installing: /workspaces/isaac_ros-dev/ros2/src/install/qcar2_interfaces/share/qcar2_interfaces/environment/path.sh
[3.549s] -- Installing: /workspaces/isaac_ros-dev/ros2/src/install/qcar2_interfaces/share/qcar2_interfaces/environment/path.dsv
[3.549s] -- Installing: /workspaces/isaac_ros-dev/ros2/src/install/qcar2_interfaces/share/qcar2_interfaces/local_setup.bash
[3.549s] -- Installing: /workspaces/isaac_ros-dev/ros2/src/install/qcar2_interfaces/share/qcar2_interfaces/local_setup.sh
[3.549s] -- Installing: /workspaces/isaac_ros-dev/ros2/src/install/qcar2_interfaces/share/qcar2_interfaces/local_setup.zsh
[3.549s] -- Installing: /workspaces/isaac_ros-dev/ros2/src/install/qcar2_interfaces/share/qcar2_interfaces/local_setup.dsv
[3.549s] -- Installing: /workspaces/isaac_ros-dev/ros2/src/install/qcar2_interfaces/share/qcar2_interfaces/package.dsv
[3.549s] -- Installing: /workspaces/isaac_ros-dev/ros2/src/install/qcar2_interfaces/share/ament_index/resource_index/packages/qcar2_interfaces
[3.549s] -- Installing: /workspaces/isaac_ros-dev/ros2/src/install/qcar2_interfaces/share/qcar2_interfaces/cmake/export_qcar2_interfaces__rosidl_generator_cExport.cmake
[3.550s] -- Installing: /workspaces/isaac_ros-dev/ros2/src/install/qcar2_interfaces/share/qcar2_interfaces/cmake/export_qcar2_interfaces__rosidl_generator_cExport-noconfig.cmake
[3.550s] -- Installing: /workspaces/isaac_ros-dev/ros2/src/install/qcar2_interfaces/share/qcar2_interfaces/cmake/export_qcar2_interfaces__rosidl_typesupport_fastrtps_cExport.cmake
[3.550s] -- Installing: /workspaces/isaac_ros-dev/ros2/src/install/qcar2_interfaces/share/qcar2_interfaces/cmake/export_qcar2_interfaces__rosidl_typesupport_fastrtps_cExport-noconfig.cmake
[3.550s] -- Installing: /workspaces/isaac_ros-dev/ros2/src/install/qcar2_interfaces/share/qcar2_interfaces/cmake/qcar2_interfaces__rosidl_typesupport_introspection_cExport.cmake
[3.550s] -- Installing: /workspaces/isaac_ros-dev/ros2/src/install/qcar2_interfaces/share/qcar2_interfaces/cmake/qcar2_interfaces__rosidl_typesupport_introspection_cExport-noconfig.cmake
[3.550s] -- Installing: /workspaces/isaac_ros-dev/ros2/src/install/qcar2_interfaces/share/qcar2_interfaces/cmake/qcar2_interfaces__rosidl_typesupport_cExport.cmake
[3.550s] -- Installing: /workspaces/isaac_ros-dev/ros2/src/install/qcar2_interfaces/share/qcar2_interfaces/cmake/qcar2_interfaces__rosidl_typesupport_cExport-noconfig.cmake
[3.550s] -- Installing: /workspaces/isaac_ros-dev/ros2/src/install/qcar2_interfaces/share/qcar2_interfaces/cmake/export_qcar2_interfaces__rosidl_generator_cppExport.cmake
[3.550s] -- Installing: /workspaces/isaac_ros-dev/ros2/src/install/qcar2_interfaces/share/qcar2_interfaces/cmake/export_qcar2_interfaces__rosidl_typesupport_fastrtps_cppExport.cmake
[3.550s] -- Installing: /workspaces/isaac_ros-dev/ros2/src/install/qcar2_interfaces/share/qcar2_interfaces/cmake/export_qcar2_interfaces__rosidl_typesupport_fastrtps_cppExport-noconfig.cmake
[3.550s] -- Installing: /workspaces/isaac_ros-dev/ros2/src/install/qcar2_interfaces/share/qcar2_interfaces/cmake/qcar2_interfaces__rosidl_typesupport_introspection_cppExport.cmake
[3.550s] -- Installing: /workspaces/isaac_ros-dev/ros2/src/install/qcar2_interfaces/share/qcar2_interfaces/cmake/qcar2_interfaces__rosidl_typesupport_introspection_cppExport-noconfig.cmake
[3.550s] -- Installing: /workspaces/isaac_ros-dev/ros2/src/install/qcar2_interfaces/share/qcar2_interfaces/cmake/qcar2_interfaces__rosidl_typesupport_cppExport.cmake
[3.550s] -- Installing: /workspaces/isaac_ros-dev/ros2/src/install/qcar2_interfaces/share/qcar2_interfaces/cmake/qcar2_interfaces__rosidl_typesupport_cppExport-noconfig.cmake
[3.550s] -- Installing: /workspaces/isaac_ros-dev/ros2/src/install/qcar2_interfaces/share/qcar2_interfaces/cmake/export_qcar2_interfaces__rosidl_generator_pyExport.cmake
[3.550s] -- Installing: /workspaces/isaac_ros-dev/ros2/src/install/qcar2_interfaces/share/qcar2_interfaces/cmake/export_qcar2_interfaces__rosidl_generator_pyExport-noconfig.cmake
[3.550s] -- Installing: /workspaces/isaac_ros-dev/ros2/src/install/qcar2_interfaces/share/qcar2_interfaces/cmake/rosidl_cmake-extras.cmake
[3.551s] -- Installing: /workspaces/isaac_ros-dev/ros2/src/install/qcar2_interfaces/share/qcar2_interfaces/cmake/ament_cmake_export_include_directories-extras.cmake
[3.551s] -- Installing: /workspaces/isaac_ros-dev/ros2/src/install/qcar2_interfaces/share/qcar2_interfaces/cmake/ament_cmake_export_libraries-extras.cmake
[3.551s] -- Installing: /workspaces/isaac_ros-dev/ros2/src/install/qcar2_interfaces/share/qcar2_interfaces/cmake/ament_cmake_export_targets-extras.cmake
[3.551s] -- Installing: /workspaces/isaac_ros-dev/ros2/src/install/qcar2_interfaces/share/qcar2_interfaces/cmake/rosidl_cmake_export_typesupport_targets-extras.cmake
[3.551s] -- Installing: /workspaces/isaac_ros-dev/ros2/src/install/qcar2_interfaces/share/qcar2_interfaces/cmake/ament_cmake_export_dependencies-extras.cmake
[3.551s] -- Installing: /workspaces/isaac_ros-dev/ros2/src/install/qcar2_interfaces/share/qcar2_interfaces/cmake/rosidl_cmake_export_typesupport_libraries-extras.cmake
[3.551s] -- Installing: /workspaces/isaac_ros-dev/ros2/src/install/qcar2_interfaces/share/qcar2_interfaces/cmake/qcar2_interfacesConfig.cmake
[3.551s] -- Installing: /workspaces/isaac_ros-dev/ros2/src/install/qcar2_interfaces/share/qcar2_interfaces/cmake/qcar2_interfacesConfig-version.cmake
[3.551s] -- Installing: /workspaces/isaac_ros-dev/ros2/src/install/qcar2_interfaces/share/qcar2_interfaces/package.xml
[3.553s] Invoked command in '/workspaces/isaac_ros-dev/ros2/src/build/qcar2_interfaces' returned '0': CMAKE_PREFIX_PATH=${CMAKE_PREFIX_PATH}:/workspaces/isaac_ros-dev/install/qcar2_autonomy:/workspace/cartographer_ws/install/isaac_ros_test:/opt/ros/humble _=/usr/bin/env /usr/bin/cmake --install /workspaces/isaac_ros-dev/ros2/src/build/qcar2_interfaces
