[0.875s] Invoking command in '/workspaces/isaac_ros-dev/ros2/src/qcar2_autonomy': AMENT_PREFIX_PATH=/workspaces/isaac_ros-dev/ros2/src/install/qcar2_interfaces:${AMENT_PREFIX_PATH} CMAKE_PREFIX_PATH=/workspaces/isaac_ros-dev/ros2/src/install/qcar2_interfaces:${CMAKE_PREFIX_PATH} LD_LIBRARY_PATH=/workspaces/isaac_ros-dev/ros2/src/install/qcar2_interfaces/lib:${LD_LIBRARY_PATH} PYTHONPATH=/workspaces/isaac_ros-dev/ros2/src/build/qcar2_autonomy/prefix_override:/workspaces/isaac_ros-dev/ros2/src/install/qcar2_autonomy/lib/python3.8/site-packages:/workspaces/isaac_ros-dev/ros2/src/install/qcar2_interfaces/lib/python3.8/site-packages:${PYTHONPATH} _=/usr/bin/env /usr/bin/python3 setup.py egg_info --egg-base ../build/qcar2_autonomy build --build-base /workspaces/isaac_ros-dev/ros2/src/build/qcar2_autonomy/build install --record /workspaces/isaac_ros-dev/ros2/src/build/qcar2_autonomy/install.log --single-version-externally-managed
[1.111s] running egg_info
[1.111s] creating ../build/qcar2_autonomy/qcar2_autonomy.egg-info
[1.121s] writing ../build/qcar2_autonomy/qcar2_autonomy.egg-info/PKG-INFO
[1.121s] writing dependency_links to ../build/qcar2_autonomy/qcar2_autonomy.egg-info/dependency_links.txt
[1.121s] writing entry points to ../build/qcar2_autonomy/qcar2_autonomy.egg-info/entry_points.txt
[1.121s] writing requirements to ../build/qcar2_autonomy/qcar2_autonomy.egg-info/requires.txt
[1.121s] writing top-level names to ../build/qcar2_autonomy/qcar2_autonomy.egg-info/top_level.txt
[1.121s] writing manifest file '../build/qcar2_autonomy/qcar2_autonomy.egg-info/SOURCES.txt'
[1.143s] reading manifest file '../build/qcar2_autonomy/qcar2_autonomy.egg-info/SOURCES.txt'
[1.144s] writing manifest file '../build/qcar2_autonomy/qcar2_autonomy.egg-info/SOURCES.txt'
[1.144s] running build
[1.144s] running build_py
[1.144s] creating /workspaces/isaac_ros-dev/ros2/src/build/qcar2_autonomy/build
[1.144s] creating /workspaces/isaac_ros-dev/ros2/src/build/qcar2_autonomy/build/lib
[1.144s] creating /workspaces/isaac_ros-dev/ros2/src/build/qcar2_autonomy/build/lib/autonomy
[1.144s] copying autonomy/__init__.py -> /workspaces/isaac_ros-dev/ros2/src/build/qcar2_autonomy/build/lib/autonomy
[1.144s] copying autonomy/nav_to_pose.py -> /workspaces/isaac_ros-dev/ros2/src/build/qcar2_autonomy/build/lib/autonomy
[1.144s] copying autonomy/yolo_detector.py -> /workspaces/isaac_ros-dev/ros2/src/build/qcar2_autonomy/build/lib/autonomy
[1.145s] copying autonomy/trip_planner.py -> /workspaces/isaac_ros-dev/ros2/src/build/qcar2_autonomy/build/lib/autonomy
[1.145s] copying autonomy/traffic_system_detector.py -> /workspaces/isaac_ros-dev/ros2/src/build/qcar2_autonomy/build/lib/autonomy
[1.145s] running install
[1.150s] running install_lib
[1.159s] creating /workspaces/isaac_ros-dev/ros2/src/install/qcar2_autonomy/lib/python3.8/site-packages/autonomy
[1.159s] copying /workspaces/isaac_ros-dev/ros2/src/build/qcar2_autonomy/build/lib/autonomy/__init__.py -> /workspaces/isaac_ros-dev/ros2/src/install/qcar2_autonomy/lib/python3.8/site-packages/autonomy
[1.159s] copying /workspaces/isaac_ros-dev/ros2/src/build/qcar2_autonomy/build/lib/autonomy/nav_to_pose.py -> /workspaces/isaac_ros-dev/ros2/src/install/qcar2_autonomy/lib/python3.8/site-packages/autonomy
[1.159s] copying /workspaces/isaac_ros-dev/ros2/src/build/qcar2_autonomy/build/lib/autonomy/yolo_detector.py -> /workspaces/isaac_ros-dev/ros2/src/install/qcar2_autonomy/lib/python3.8/site-packages/autonomy
[1.159s] copying /workspaces/isaac_ros-dev/ros2/src/build/qcar2_autonomy/build/lib/autonomy/trip_planner.py -> /workspaces/isaac_ros-dev/ros2/src/install/qcar2_autonomy/lib/python3.8/site-packages/autonomy
[1.159s] copying /workspaces/isaac_ros-dev/ros2/src/build/qcar2_autonomy/build/lib/autonomy/traffic_system_detector.py -> /workspaces/isaac_ros-dev/ros2/src/install/qcar2_autonomy/lib/python3.8/site-packages/autonomy
[1.160s] byte-compiling /workspaces/isaac_ros-dev/ros2/src/install/qcar2_autonomy/lib/python3.8/site-packages/autonomy/__init__.py to __init__.cpython-38.pyc
[1.160s] byte-compiling /workspaces/isaac_ros-dev/ros2/src/install/qcar2_autonomy/lib/python3.8/site-packages/autonomy/nav_to_pose.py to nav_to_pose.cpython-38.pyc
[1.164s] byte-compiling /workspaces/isaac_ros-dev/ros2/src/install/qcar2_autonomy/lib/python3.8/site-packages/autonomy/yolo_detector.py to yolo_detector.cpython-38.pyc
[1.165s] byte-compiling /workspaces/isaac_ros-dev/ros2/src/install/qcar2_autonomy/lib/python3.8/site-packages/autonomy/trip_planner.py to trip_planner.cpython-38.pyc
[1.167s] byte-compiling /workspaces/isaac_ros-dev/ros2/src/install/qcar2_autonomy/lib/python3.8/site-packages/autonomy/traffic_system_detector.py to traffic_system_detector.cpython-38.pyc
[1.167s] running install_data
[1.177s] creating /workspaces/isaac_ros-dev/ros2/src/install/qcar2_autonomy/share/ament_index
[1.177s] creating /workspaces/isaac_ros-dev/ros2/src/install/qcar2_autonomy/share/ament_index/resource_index
[1.177s] creating /workspaces/isaac_ros-dev/ros2/src/install/qcar2_autonomy/share/ament_index/resource_index/packages
[1.178s] copying resource/qcar2_autonomy -> /workspaces/isaac_ros-dev/ros2/src/install/qcar2_autonomy/share/ament_index/resource_index/packages
[1.178s] copying package.xml -> /workspaces/isaac_ros-dev/ros2/src/install/qcar2_autonomy/share/qcar2_autonomy
[1.178s] creating /workspaces/isaac_ros-dev/ros2/src/install/qcar2_autonomy/share/qcar2_autonomy/launch
[1.178s] copying launch/autonomy_planner_launch.py -> /workspaces/isaac_ros-dev/ros2/src/install/qcar2_autonomy/share/qcar2_autonomy/launch
[1.178s] running install_egg_info
[1.189s] Copying ../build/qcar2_autonomy/qcar2_autonomy.egg-info to /workspaces/isaac_ros-dev/ros2/src/install/qcar2_autonomy/lib/python3.8/site-packages/qcar2_autonomy-0.0.0-py3.8.egg-info
[1.190s] running install_scripts
[1.242s] Installing lane_detector script to /workspaces/isaac_ros-dev/ros2/src/install/qcar2_autonomy/lib/qcar2_autonomy
[1.243s] Installing path_follower script to /workspaces/isaac_ros-dev/ros2/src/install/qcar2_autonomy/lib/qcar2_autonomy
[1.243s] Installing traffic_system_detector script to /workspaces/isaac_ros-dev/ros2/src/install/qcar2_autonomy/lib/qcar2_autonomy
[1.243s] Installing trip_planner script to /workspaces/isaac_ros-dev/ros2/src/install/qcar2_autonomy/lib/qcar2_autonomy
[1.243s] Installing yolo_detector script to /workspaces/isaac_ros-dev/ros2/src/install/qcar2_autonomy/lib/qcar2_autonomy
[1.243s] writing list of installed files to '/workspaces/isaac_ros-dev/ros2/src/build/qcar2_autonomy/install.log'
[1.277s] Invoked command in '/workspaces/isaac_ros-dev/ros2/src/qcar2_autonomy' returned '0': AMENT_PREFIX_PATH=/workspaces/isaac_ros-dev/ros2/src/install/qcar2_interfaces:${AMENT_PREFIX_PATH} CMAKE_PREFIX_PATH=/workspaces/isaac_ros-dev/ros2/src/install/qcar2_interfaces:${CMAKE_PREFIX_PATH} LD_LIBRARY_PATH=/workspaces/isaac_ros-dev/ros2/src/install/qcar2_interfaces/lib:${LD_LIBRARY_PATH} PYTHONPATH=/workspaces/isaac_ros-dev/ros2/src/build/qcar2_autonomy/prefix_override:/workspaces/isaac_ros-dev/ros2/src/install/qcar2_autonomy/lib/python3.8/site-packages:/workspaces/isaac_ros-dev/ros2/src/install/qcar2_interfaces/lib/python3.8/site-packages:${PYTHONPATH} _=/usr/bin/env /usr/bin/python3 setup.py egg_info --egg-base ../build/qcar2_autonomy build --build-base /workspaces/isaac_ros-dev/ros2/src/build/qcar2_autonomy/build install --record /workspaces/isaac_ros-dev/ros2/src/build/qcar2_autonomy/install.log --single-version-externally-managed
