[0.812s] Invoking command in '/workspaces/isaac_ros-dev/build/qcar2_autonomy': AMENT_PREFIX_PATH=/workspaces/isaac_ros-dev/install/qcar2_interfaces:${AMENT_PREFIX_PATH} CMAKE_PREFIX_PATH=/workspaces/isaac_ros-dev/install/qcar2_interfaces LD_LIBRARY_PATH=/workspaces/isaac_ros-dev/install/qcar2_interfaces/lib:${LD_LIBRARY_PATH} PYTHONPATH=/workspaces/isaac_ros-dev/build/qcar2_autonomy/prefix_override:/workspaces/isaac_ros-dev/install/qcar2_autonomy/lib/python3.8/site-packages:/workspaces/isaac_ros-dev/install/qcar2_interfaces/lib/python3.8/site-packages:${PYTHONPATH} _=/usr/bin/env /usr/bin/python3 setup.py develop --editable --build-directory /workspaces/isaac_ros-dev/build/qcar2_autonomy/build --no-deps install_data
[1.061s] running develop
[1.179s] running egg_info
[1.184s] writing qcar2_autonomy.egg-info/PKG-INFO
[1.184s] writing dependency_links to qcar2_autonomy.egg-info/dependency_links.txt
[1.185s] writing entry points to qcar2_autonomy.egg-info/entry_points.txt
[1.185s] writing requirements to qcar2_autonomy.egg-info/requires.txt
[1.185s] writing top-level names to qcar2_autonomy.egg-info/top_level.txt
[1.197s] reading manifest file 'qcar2_autonomy.egg-info/SOURCES.txt'
[1.197s] writing manifest file 'qcar2_autonomy.egg-info/SOURCES.txt'
[1.223s] running build_ext
[1.224s] Creating /workspaces/isaac_ros-dev/install/qcar2_autonomy/lib/python3.8/site-packages/qcar2-autonomy.egg-link (link to .)
[1.224s] Installing analyze_nav_diag_bag script to /workspaces/isaac_ros-dev/install/qcar2_autonomy/lib/qcar2_autonomy
[1.224s] Installing lane_detector script to /workspaces/isaac_ros-dev/install/qcar2_autonomy/lib/qcar2_autonomy
[1.224s] Installing nav_diag_live_plot script to /workspaces/isaac_ros-dev/install/qcar2_autonomy/lib/qcar2_autonomy
[1.224s] Installing path_follower script to /workspaces/isaac_ros-dev/install/qcar2_autonomy/lib/qcar2_autonomy
[1.224s] Installing traffic_system_detector script to /workspaces/isaac_ros-dev/install/qcar2_autonomy/lib/qcar2_autonomy
[1.224s] Installing trip_planner script to /workspaces/isaac_ros-dev/install/qcar2_autonomy/lib/qcar2_autonomy
[1.224s] Installing yolo_detector script to /workspaces/isaac_ros-dev/install/qcar2_autonomy/lib/qcar2_autonomy
[1.224s] 
[1.224s] Installed /workspaces/isaac_ros-dev/build/qcar2_autonomy
[1.225s] running install_data
[1.258s] Invoked command in '/workspaces/isaac_ros-dev/build/qcar2_autonomy' returned '0': AMENT_PREFIX_PATH=/workspaces/isaac_ros-dev/install/qcar2_interfaces:${AMENT_PREFIX_PATH} CMAKE_PREFIX_PATH=/workspaces/isaac_ros-dev/install/qcar2_interfaces LD_LIBRARY_PATH=/workspaces/isaac_ros-dev/install/qcar2_interfaces/lib:${LD_LIBRARY_PATH} PYTHONPATH=/workspaces/isaac_ros-dev/build/qcar2_autonomy/prefix_override:/workspaces/isaac_ros-dev/install/qcar2_autonomy/lib/python3.8/site-packages:/workspaces/isaac_ros-dev/install/qcar2_interfaces/lib/python3.8/site-packages:${PYTHONPATH} _=/usr/bin/env /usr/bin/python3 setup.py develop --editable --build-directory /workspaces/isaac_ros-dev/build/qcar2_autonomy/build --no-deps install_data
