[1.174s] DEBUG:colcon:Command line arguments: ['/usr/bin/colcon', 'build']
[1.174s] DEBUG:colcon:Parsed command line arguments: Namespace(allow_overriding=[], ament_cmake_args=None, base_paths=['.'], build_base='build', catkin_cmake_args=None, catkin_skip_building_tests=False, cmake_args=None, cmake_clean_cache=False, cmake_clean_first=False, cmake_force_configure=False, cmake_target=None, cmake_target_skip_unavailable=False, continue_on_error=False, event_handlers=None, executor='parallel', ignore_user_meta=False, install_base='install', log_base=None, log_level=None, main=<bound method BuildVerb.main of <colcon_core.verb.build.BuildVerb object at 0x7933ac761850>>, merge_install=False, metas=['./colcon.meta'], packages_above=None, packages_above_and_dependencies=None, packages_above_depth=None, packages_end=None, packages_ignore=None, packages_ignore_regex=None, packages_select=None, packages_select_build_failed=False, packages_select_by_dep=None, packages_select_regex=None, packages_select_test_failures=False, packages_skip=None, packages_skip_build_finished=False, packages_skip_by_dep=None, packages_skip_regex=None, packages_skip_test_passed=False, packages_skip_up_to=None, packages_start=None, packages_up_to=None, packages_up_to_regex=None, parallel_workers=24, paths=None, symlink_install=False, test_result_base=None, verb_extension=<colcon_core.verb.build.BuildVerb object at 0x7933ac761850>, verb_name='build', verb_parser=<colcon_defaults.argument_parser.defaults.DefaultArgumentsDecorator object at 0x7933ac1517c0>)
[1.234s] Level 1:colcon.colcon_core.package_discovery:discover_packages(colcon_meta) check parameters
[1.234s] Level 1:colcon.colcon_core.package_discovery:discover_packages(recursive) check parameters
[1.234s] Level 1:colcon.colcon_core.package_discovery:discover_packages(ignore) check parameters
[1.234s] Level 1:colcon.colcon_core.package_discovery:discover_packages(path) check parameters
[1.234s] Level 1:colcon.colcon_core.package_discovery:discover_packages(colcon_meta) discover
[1.234s] Level 1:colcon.colcon_core.package_discovery:discover_packages(recursive) discover
[1.234s] INFO:colcon.colcon_core.package_discovery:Crawling recursively for packages in '/workspaces/isaac_ros-dev/ros2/src'
[1.234s] Level 1:colcon.colcon_core.package_identification:_identify(.) by extensions ['ignore', 'ignore_ament_install']
[1.234s] Level 1:colcon.colcon_core.package_identification:_identify(.) by extension 'ignore'
[1.234s] Level 1:colcon.colcon_core.package_identification:_identify(.) by extension 'ignore_ament_install'
[1.234s] Level 1:colcon.colcon_core.package_identification:_identify(.) by extensions ['colcon_pkg']
[1.234s] Level 1:colcon.colcon_core.package_identification:_identify(.) by extension 'colcon_pkg'
[1.235s] Level 1:colcon.colcon_core.package_identification:_identify(.) by extensions ['colcon_meta']
[1.235s] Level 1:colcon.colcon_core.package_identification:_identify(.) by extension 'colcon_meta'
[1.235s] Level 1:colcon.colcon_core.package_identification:_identify(.) by extensions ['ros']
[1.235s] Level 1:colcon.colcon_core.package_identification:_identify(.) by extension 'ros'
[1.241s] Level 1:colcon.colcon_core.package_identification:_identify(.) by extensions ['cmake', 'python']
[1.241s] Level 1:colcon.colcon_core.package_identification:_identify(.) by extension 'cmake'
[1.241s] Level 1:colcon.colcon_core.package_identification:_identify(.) by extension 'python'
[1.241s] Level 1:colcon.colcon_core.package_identification:_identify(.) by extensions ['python_setup_py']
[1.241s] Level 1:colcon.colcon_core.package_identification:_identify(.) by extension 'python_setup_py'
[1.241s] Level 1:colcon.colcon_core.package_identification:_identify(build) by extensions ['ignore', 'ignore_ament_install']
[1.241s] Level 1:colcon.colcon_core.package_identification:_identify(build) by extension 'ignore'
[1.241s] Level 1:colcon.colcon_core.package_identification:_identify(build) ignored
[1.241s] Level 1:colcon.colcon_core.package_identification:_identify(install) by extensions ['ignore', 'ignore_ament_install']
[1.241s] Level 1:colcon.colcon_core.package_identification:_identify(install) by extension 'ignore'
[1.242s] Level 1:colcon.colcon_core.package_identification:_identify(install) ignored
[1.242s] Level 1:colcon.colcon_core.package_identification:_identify(log) by extensions ['ignore', 'ignore_ament_install']
[1.242s] Level 1:colcon.colcon_core.package_identification:_identify(log) by extension 'ignore'
[1.242s] Level 1:colcon.colcon_core.package_identification:_identify(log) ignored
[1.242s] Level 1:colcon.colcon_core.package_identification:_identify(qcar2_autonomy) by extensions ['ignore', 'ignore_ament_install']
[1.242s] Level 1:colcon.colcon_core.package_identification:_identify(qcar2_autonomy) by extension 'ignore'
[1.242s] Level 1:colcon.colcon_core.package_identification:_identify(qcar2_autonomy) by extension 'ignore_ament_install'
[1.242s] Level 1:colcon.colcon_core.package_identification:_identify(qcar2_autonomy) by extensions ['colcon_pkg']
[1.242s] Level 1:colcon.colcon_core.package_identification:_identify(qcar2_autonomy) by extension 'colcon_pkg'
[1.242s] Level 1:colcon.colcon_core.package_identification:_identify(qcar2_autonomy) by extensions ['colcon_meta']
[1.242s] Level 1:colcon.colcon_core.package_identification:_identify(qcar2_autonomy) by extension 'colcon_meta'
[1.242s] Level 1:colcon.colcon_core.package_identification:_identify(qcar2_autonomy) by extensions ['ros']
[1.242s] Level 1:colcon.colcon_core.package_identification:_identify(qcar2_autonomy) by extension 'ros'
[1.243s] DEBUG:colcon.colcon_core.package_identification:Package 'qcar2_autonomy' with type 'ros.ament_python' and name 'qcar2_autonomy'
[1.243s] Level 1:colcon.colcon_core.package_identification:_identify(qcar2_interfaces) by extensions ['ignore', 'ignore_ament_install']
[1.243s] Level 1:colcon.colcon_core.package_identification:_identify(qcar2_interfaces) by extension 'ignore'
[1.243s] Level 1:colcon.colcon_core.package_identification:_identify(qcar2_interfaces) by extension 'ignore_ament_install'
[1.243s] Level 1:colcon.colcon_core.package_identification:_identify(qcar2_interfaces) by extensions ['colcon_pkg']
[1.243s] Level 1:colcon.colcon_core.package_identification:_identify(qcar2_interfaces) by extension 'colcon_pkg'
[1.243s] Level 1:colcon.colcon_core.package_identification:_identify(qcar2_interfaces) by extensions ['colcon_meta']
[1.243s] Level 1:colcon.colcon_core.package_identification:_identify(qcar2_interfaces) by extension 'colcon_meta'
[1.243s] Level 1:colcon.colcon_core.package_identification:_identify(qcar2_interfaces) by extensions ['ros']
[1.243s] Level 1:colcon.colcon_core.package_identification:_identify(qcar2_interfaces) by extension 'ros'
[1.244s] DEBUG:colcon.colcon_core.package_identification:Package 'qcar2_interfaces' with type 'ros.ament_cmake' and name 'qcar2_interfaces'
[1.244s] Level 1:colcon.colcon_core.package_identification:_identify(qcar2_nodes) by extensions ['ignore', 'ignore_ament_install']
[1.244s] Level 1:colcon.colcon_core.package_identification:_identify(qcar2_nodes) by extension 'ignore'
[1.244s] Level 1:colcon.colcon_core.package_identification:_identify(qcar2_nodes) by extension 'ignore_ament_install'
[1.244s] Level 1:colcon.colcon_core.package_identification:_identify(qcar2_nodes) by extensions ['colcon_pkg']
[1.244s] Level 1:colcon.colcon_core.package_identification:_identify(qcar2_nodes) by extension 'colcon_pkg'
[1.244s] Level 1:colcon.colcon_core.package_identification:_identify(qcar2_nodes) by extensions ['colcon_meta']
[1.244s] Level 1:colcon.colcon_core.package_identification:_identify(qcar2_nodes) by extension 'colcon_meta'
[1.244s] Level 1:colcon.colcon_core.package_identification:_identify(qcar2_nodes) by extensions ['ros']
[1.244s] Level 1:colcon.colcon_core.package_identification:_identify(qcar2_nodes) by extension 'ros'
[1.244s] DEBUG:colcon.colcon_core.package_identification:Package 'qcar2_nodes' with type 'ros.ament_cmake' and name 'qcar2_nodes'
[1.244s] Level 1:colcon.colcon_core.package_discovery:discover_packages(recursive) using defaults
[1.244s] Level 1:colcon.colcon_core.package_discovery:discover_packages(ignore) discover
[1.244s] Level 1:colcon.colcon_core.package_discovery:discover_packages(ignore) using defaults
[1.244s] Level 1:colcon.colcon_core.package_discovery:discover_packages(path) discover
[1.244s] Level 1:colcon.colcon_core.package_discovery:discover_packages(path) using defaults
[1.277s] Level 1:colcon.colcon_core.package_discovery:discover_packages(prefix_path) check parameters
[1.277s] Level 1:colcon.colcon_core.package_discovery:discover_packages(prefix_path) discover
[1.287s] DEBUG:colcon.colcon_installed_package_information.package_discovery:Found 3 installed packages in /workspaces/isaac_ros-dev/install
[1.291s] DEBUG:colcon.colcon_installed_package_information.package_discovery:Found 18 installed packages in /workspace/cartographer_ws/install
[1.296s] DEBUG:colcon.colcon_installed_package_information.package_discovery:Found 289 installed packages in /opt/ros/humble
[1.296s] Level 1:colcon.colcon_core.package_discovery:discover_packages(prefix_path) using defaults
[1.335s] Level 5:colcon.colcon_core.verb:set package 'qcar2_interfaces' build argument 'cmake_args' from command line to 'None'
[1.335s] Level 5:colcon.colcon_core.verb:set package 'qcar2_interfaces' build argument 'cmake_target' from command line to 'None'
[1.335s] Level 5:colcon.colcon_core.verb:set package 'qcar2_interfaces' build argument 'cmake_target_skip_unavailable' from command line to 'False'
[1.335s] Level 5:colcon.colcon_core.verb:set package 'qcar2_interfaces' build argument 'cmake_clean_cache' from command line to 'False'
[1.335s] Level 5:colcon.colcon_core.verb:set package 'qcar2_interfaces' build argument 'cmake_clean_first' from command line to 'False'
[1.335s] Level 5:colcon.colcon_core.verb:set package 'qcar2_interfaces' build argument 'cmake_force_configure' from command line to 'False'
[1.335s] Level 5:colcon.colcon_core.verb:set package 'qcar2_interfaces' build argument 'ament_cmake_args' from command line to 'None'
[1.335s] Level 5:colcon.colcon_core.verb:set package 'qcar2_interfaces' build argument 'catkin_cmake_args' from command line to 'None'
[1.335s] Level 5:colcon.colcon_core.verb:set package 'qcar2_interfaces' build argument 'catkin_skip_building_tests' from command line to 'False'
[1.335s] DEBUG:colcon.colcon_core.verb:Building package 'qcar2_interfaces' with the following arguments: {'ament_cmake_args': None, 'build_base': '/workspaces/isaac_ros-dev/ros2/src/build/qcar2_interfaces', 'catkin_cmake_args': None, 'catkin_skip_building_tests': False, 'cmake_args': None, 'cmake_clean_cache': False, 'cmake_clean_first': False, 'cmake_force_configure': False, 'cmake_target': None, 'cmake_target_skip_unavailable': False, 'install_base': '/workspaces/isaac_ros-dev/ros2/src/install/qcar2_interfaces', 'merge_install': False, 'path': '/workspaces/isaac_ros-dev/ros2/src/qcar2_interfaces', 'symlink_install': False, 'test_result_base': None}
[1.339s] Level 5:colcon.colcon_core.verb:set package 'qcar2_autonomy' build argument 'cmake_args' from command line to 'None'
[1.339s] Level 5:colcon.colcon_core.verb:set package 'qcar2_autonomy' build argument 'cmake_target' from command line to 'None'
[1.339s] Level 5:colcon.colcon_core.verb:set package 'qcar2_autonomy' build argument 'cmake_target_skip_unavailable' from command line to 'False'
[1.339s] Level 5:colcon.colcon_core.verb:set package 'qcar2_autonomy' build argument 'cmake_clean_cache' from command line to 'False'
[1.339s] Level 5:colcon.colcon_core.verb:set package 'qcar2_autonomy' build argument 'cmake_clean_first' from command line to 'False'
[1.339s] Level 5:colcon.colcon_core.verb:set package 'qcar2_autonomy' build argument 'cmake_force_configure' from command line to 'False'
[1.339s] Level 5:colcon.colcon_core.verb:set package 'qcar2_autonomy' build argument 'ament_cmake_args' from command line to 'None'
[1.339s] Level 5:colcon.colcon_core.verb:set package 'qcar2_autonomy' build argument 'catkin_cmake_args' from command line to 'None'
[1.339s] Level 5:colcon.colcon_core.verb:set package 'qcar2_autonomy' build argument 'catkin_skip_building_tests' from command line to 'False'
[1.339s] DEBUG:colcon.colcon_core.verb:Building package 'qcar2_autonomy' with the following arguments: {'ament_cmake_args': None, 'build_base': '/workspaces/isaac_ros-dev/ros2/src/build/qcar2_autonomy', 'catkin_cmake_args': None, 'catkin_skip_building_tests': False, 'cmake_args': None, 'cmake_clean_cache': False, 'cmake_clean_first': False, 'cmake_force_configure': False, 'cmake_target': None, 'cmake_target_skip_unavailable': False, 'install_base': '/workspaces/isaac_ros-dev/ros2/src/install/qcar2_autonomy', 'merge_install': False, 'path': '/workspaces/isaac_ros-dev/ros2/src/qcar2_autonomy', 'symlink_install': False, 'test_result_base': None}
[1.344s] Level 5:colcon.colcon_core.verb:set package 'qcar2_nodes' build argument 'cmake_args' from command line to 'None'
[1.344s] Level 5:colcon.colcon_core.verb:set package 'qcar2_nodes' build argument 'cmake_target' from command line to 'None'
[1.344s] Level 5:colcon.colcon_core.verb:set package 'qcar2_nodes' build argument 'cmake_target_skip_unavailable' from command line to 'False'
[1.344s] Level 5:colcon.colcon_core.verb:set package 'qcar2_nodes' build argument 'cmake_clean_cache' from command line to 'False'
[1.344s] Level 5:colcon.colcon_core.verb:set package 'qcar2_nodes' build argument 'cmake_clean_first' from command line to 'False'
[1.344s] Level 5:colcon.colcon_core.verb:set package 'qcar2_nodes' build argument 'cmake_force_configure' from command line to 'False'
[1.344s] Level 5:colcon.colcon_core.verb:set package 'qcar2_nodes' build argument 'ament_cmake_args' from command line to 'None'
[1.344s] Level 5:colcon.colcon_core.verb:set package 'qcar2_nodes' build argument 'catkin_cmake_args' from command line to 'None'
[1.344s] Level 5:colcon.colcon_core.verb:set package 'qcar2_nodes' build argument 'catkin_skip_building_tests' from command line to 'False'
[1.344s] DEBUG:colcon.colcon_core.verb:Building package 'qcar2_nodes' with the following arguments: {'ament_cmake_args': None, 'build_base': '/workspaces/isaac_ros-dev/ros2/src/build/qcar2_nodes', 'catkin_cmake_args': None, 'catkin_skip_building_tests': False, 'cmake_args': None, 'cmake_clean_cache': False, 'cmake_clean_first': False, 'cmake_force_configure': False, 'cmake_target': None, 'cmake_target_skip_unavailable': False, 'install_base': '/workspaces/isaac_ros-dev/ros2/src/install/qcar2_nodes', 'merge_install': False, 'path': '/workspaces/isaac_ros-dev/ros2/src/qcar2_nodes', 'symlink_install': False, 'test_result_base': None}
[1.348s] INFO:colcon.colcon_core.executor:Executing jobs using 'parallel' executor
[1.353s] DEBUG:colcon.colcon_parallel_executor.executor.parallel:run_until_complete
[1.353s] INFO:colcon.colcon_ros.task.ament_cmake.build:Building ROS package in '/workspaces/isaac_ros-dev/ros2/src/qcar2_interfaces' with build type 'ament_cmake'
[1.353s] INFO:colcon.colcon_cmake.task.cmake.build:Building CMake package in '/workspaces/isaac_ros-dev/ros2/src/qcar2_interfaces'
[1.359s] INFO:colcon.colcon_core.plugin_system:Skipping extension 'colcon_core.shell.bat': Not used on non-Windows systems
[1.359s] INFO:colcon.colcon_core.shell:Skip shell extension 'powershell' for command environment: Not usable outside of PowerShell
[1.359s] DEBUG:colcon.colcon_core.shell:Skip shell extension 'dsv' for command environment
[1.402s] DEBUG:colcon.colcon_core.event_handler.log_command:Invoking command in '/workspaces/isaac_ros-dev/ros2/src/build/qcar2_interfaces': CMAKE_PREFIX_PATH=${CMAKE_PREFIX_PATH}:/workspaces/isaac_ros-dev/install/qcar2_autonomy:/workspace/cartographer_ws/install/isaac_ros_test:/opt/ros/humble _=/usr/bin/env /usr/bin/cmake /workspaces/isaac_ros-dev/ros2/src/qcar2_interfaces -DCMAKE_INSTALL_PREFIX=/workspaces/isaac_ros-dev/ros2/src/install/qcar2_interfaces
[2.899s] DEBUG:colcon.colcon_core.event_handler.log_command:Invoked command in '/workspaces/isaac_ros-dev/ros2/src/build/qcar2_interfaces' returned '0': CMAKE_PREFIX_PATH=${CMAKE_PREFIX_PATH}:/workspaces/isaac_ros-dev/install/qcar2_autonomy:/workspace/cartographer_ws/install/isaac_ros_test:/opt/ros/humble _=/usr/bin/env /usr/bin/cmake /workspaces/isaac_ros-dev/ros2/src/qcar2_interfaces -DCMAKE_INSTALL_PREFIX=/workspaces/isaac_ros-dev/ros2/src/install/qcar2_interfaces
[2.902s] DEBUG:colcon.colcon_core.event_handler.log_command:Invoking command in '/workspaces/isaac_ros-dev/ros2/src/build/qcar2_interfaces': CMAKE_PREFIX_PATH=${CMAKE_PREFIX_PATH}:/workspaces/isaac_ros-dev/install/qcar2_autonomy:/workspace/cartographer_ws/install/isaac_ros_test:/opt/ros/humble _=/usr/bin/env /usr/bin/cmake --build /workspaces/isaac_ros-dev/ros2/src/build/qcar2_interfaces -- -j24 -l24
[4.334s] DEBUG:colcon.colcon_core.event_handler.log_command:Invoked command in '/workspaces/isaac_ros-dev/ros2/src/build/qcar2_interfaces' returned '0': CMAKE_PREFIX_PATH=${CMAKE_PREFIX_PATH}:/workspaces/isaac_ros-dev/install/qcar2_autonomy:/workspace/cartographer_ws/install/isaac_ros_test:/opt/ros/humble _=/usr/bin/env /usr/bin/cmake --build /workspaces/isaac_ros-dev/ros2/src/build/qcar2_interfaces -- -j24 -l24
[4.861s] DEBUG:colcon.colcon_core.event_handler.log_command:Invoking command in '/workspaces/isaac_ros-dev/ros2/src/build/qcar2_interfaces': CMAKE_PREFIX_PATH=${CMAKE_PREFIX_PATH}:/workspaces/isaac_ros-dev/install/qcar2_autonomy:/workspace/cartographer_ws/install/isaac_ros_test:/opt/ros/humble _=/usr/bin/env /usr/bin/cmake --install /workspaces/isaac_ros-dev/ros2/src/build/qcar2_interfaces
[4.905s] Level 1:colcon.colcon_core.environment:create_environment_scripts_only(qcar2_interfaces)
[4.906s] DEBUG:colcon.colcon_core.event_handler.log_command:Invoked command in '/workspaces/isaac_ros-dev/ros2/src/build/qcar2_interfaces' returned '0': CMAKE_PREFIX_PATH=${CMAKE_PREFIX_PATH}:/workspaces/isaac_ros-dev/install/qcar2_autonomy:/workspace/cartographer_ws/install/isaac_ros_test:/opt/ros/humble _=/usr/bin/env /usr/bin/cmake --install /workspaces/isaac_ros-dev/ros2/src/build/qcar2_interfaces
[4.915s] Level 1:colcon.colcon_core.environment:checking '/workspaces/isaac_ros-dev/ros2/src/install/qcar2_interfaces' for CMake module files
[4.916s] Level 1:colcon.colcon_core.environment:checking '/workspaces/isaac_ros-dev/ros2/src/install/qcar2_interfaces' for CMake config files
[4.916s] Level 1:colcon.colcon_core.shell:create_environment_hook('qcar2_interfaces', 'cmake_prefix_path')
[4.922s] INFO:colcon.colcon_core.shell:Creating environment hook '/workspaces/isaac_ros-dev/ros2/src/install/qcar2_interfaces/share/qcar2_interfaces/hook/cmake_prefix_path.ps1'
[4.923s] INFO:colcon.colcon_core.shell:Creating environment descriptor '/workspaces/isaac_ros-dev/ros2/src/install/qcar2_interfaces/share/qcar2_interfaces/hook/cmake_prefix_path.dsv'
[4.923s] INFO:colcon.colcon_core.shell:Creating environment hook '/workspaces/isaac_ros-dev/ros2/src/install/qcar2_interfaces/share/qcar2_interfaces/hook/cmake_prefix_path.sh'
[4.924s] Level 1:colcon.colcon_core.environment:checking '/workspaces/isaac_ros-dev/ros2/src/install/qcar2_interfaces/lib'
[4.924s] Level 1:colcon.colcon_core.shell:create_environment_hook('qcar2_interfaces', 'ld_library_path_lib')
[4.931s] INFO:colcon.colcon_core.shell:Creating environment hook '/workspaces/isaac_ros-dev/ros2/src/install/qcar2_interfaces/share/qcar2_interfaces/hook/ld_library_path_lib.ps1'
[4.931s] INFO:colcon.colcon_core.shell:Creating environment descriptor '/workspaces/isaac_ros-dev/ros2/src/install/qcar2_interfaces/share/qcar2_interfaces/hook/ld_library_path_lib.dsv'
[4.932s] INFO:colcon.colcon_core.shell:Creating environment hook '/workspaces/isaac_ros-dev/ros2/src/install/qcar2_interfaces/share/qcar2_interfaces/hook/ld_library_path_lib.sh'
[4.932s] Level 1:colcon.colcon_core.environment:checking '/workspaces/isaac_ros-dev/ros2/src/install/qcar2_interfaces/bin'
[4.932s] Level 1:colcon.colcon_core.environment:checking '/workspaces/isaac_ros-dev/ros2/src/install/qcar2_interfaces/lib/pkgconfig/qcar2_interfaces.pc'
[4.932s] Level 1:colcon.colcon_core.environment:checking '/workspaces/isaac_ros-dev/ros2/src/install/qcar2_interfaces/lib/python3.8/site-packages'
[4.932s] Level 1:colcon.colcon_core.shell:create_environment_hook('qcar2_interfaces', 'pythonpath')
[4.939s] INFO:colcon.colcon_core.shell:Creating environment hook '/workspaces/isaac_ros-dev/ros2/src/install/qcar2_interfaces/share/qcar2_interfaces/hook/pythonpath.ps1'
[4.939s] INFO:colcon.colcon_core.shell:Creating environment descriptor '/workspaces/isaac_ros-dev/ros2/src/install/qcar2_interfaces/share/qcar2_interfaces/hook/pythonpath.dsv'
[4.940s] INFO:colcon.colcon_core.shell:Creating environment hook '/workspaces/isaac_ros-dev/ros2/src/install/qcar2_interfaces/share/qcar2_interfaces/hook/pythonpath.sh'
[4.940s] Level 1:colcon.colcon_core.environment:checking '/workspaces/isaac_ros-dev/ros2/src/install/qcar2_interfaces/bin'
[4.947s] INFO:colcon.colcon_core.shell:Creating package script '/workspaces/isaac_ros-dev/ros2/src/install/qcar2_interfaces/share/qcar2_interfaces/package.ps1'
[4.947s] INFO:colcon.colcon_core.shell:Creating package descriptor '/workspaces/isaac_ros-dev/ros2/src/install/qcar2_interfaces/share/qcar2_interfaces/package.dsv'
[4.948s] INFO:colcon.colcon_core.shell:Creating package script '/workspaces/isaac_ros-dev/ros2/src/install/qcar2_interfaces/share/qcar2_interfaces/package.sh'
[4.948s] INFO:colcon.colcon_core.shell:Creating package script '/workspaces/isaac_ros-dev/ros2/src/install/qcar2_interfaces/share/qcar2_interfaces/package.bash'
[4.948s] INFO:colcon.colcon_core.shell:Creating package script '/workspaces/isaac_ros-dev/ros2/src/install/qcar2_interfaces/share/qcar2_interfaces/package.zsh'
[4.949s] Level 1:colcon.colcon_core.environment:create_file_with_runtime_dependencies(/workspaces/isaac_ros-dev/ros2/src/install/qcar2_interfaces/share/colcon-core/packages/qcar2_interfaces)
[5.490s] Level 1:colcon.colcon_core.environment:create_environment_scripts_only(qcar2_interfaces)
[5.523s] Level 1:colcon.colcon_core.environment:checking '/workspaces/isaac_ros-dev/ros2/src/install/qcar2_interfaces' for CMake module files
[5.524s] Level 1:colcon.colcon_core.environment:checking '/workspaces/isaac_ros-dev/ros2/src/install/qcar2_interfaces' for CMake config files
[5.524s] Level 1:colcon.colcon_core.shell:create_environment_hook('qcar2_interfaces', 'cmake_prefix_path')
[5.531s] INFO:colcon.colcon_core.shell:Creating environment hook '/workspaces/isaac_ros-dev/ros2/src/install/qcar2_interfaces/share/qcar2_interfaces/hook/cmake_prefix_path.ps1'
[5.531s] INFO:colcon.colcon_core.shell:Creating environment descriptor '/workspaces/isaac_ros-dev/ros2/src/install/qcar2_interfaces/share/qcar2_interfaces/hook/cmake_prefix_path.dsv'
[5.531s] INFO:colcon.colcon_core.shell:Creating environment hook '/workspaces/isaac_ros-dev/ros2/src/install/qcar2_interfaces/share/qcar2_interfaces/hook/cmake_prefix_path.sh'
[5.531s] Level 1:colcon.colcon_core.environment:checking '/workspaces/isaac_ros-dev/ros2/src/install/qcar2_interfaces/lib'
[5.532s] Level 1:colcon.colcon_core.shell:create_environment_hook('qcar2_interfaces', 'ld_library_path_lib')
[5.539s] INFO:colcon.colcon_core.shell:Creating environment hook '/workspaces/isaac_ros-dev/ros2/src/install/qcar2_interfaces/share/qcar2_interfaces/hook/ld_library_path_lib.ps1'
[5.539s] INFO:colcon.colcon_core.shell:Creating environment descriptor '/workspaces/isaac_ros-dev/ros2/src/install/qcar2_interfaces/share/qcar2_interfaces/hook/ld_library_path_lib.dsv'
[5.539s] INFO:colcon.colcon_core.shell:Creating environment hook '/workspaces/isaac_ros-dev/ros2/src/install/qcar2_interfaces/share/qcar2_interfaces/hook/ld_library_path_lib.sh'
[5.540s] Level 1:colcon.colcon_core.environment:checking '/workspaces/isaac_ros-dev/ros2/src/install/qcar2_interfaces/bin'
[5.540s] Level 1:colcon.colcon_core.environment:checking '/workspaces/isaac_ros-dev/ros2/src/install/qcar2_interfaces/lib/pkgconfig/qcar2_interfaces.pc'
[5.540s] Level 1:colcon.colcon_core.environment:checking '/workspaces/isaac_ros-dev/ros2/src/install/qcar2_interfaces/lib/python3.8/site-packages'
[5.540s] Level 1:colcon.colcon_core.shell:create_environment_hook('qcar2_interfaces', 'pythonpath')
[5.546s] INFO:colcon.colcon_core.shell:Creating environment hook '/workspaces/isaac_ros-dev/ros2/src/install/qcar2_interfaces/share/qcar2_interfaces/hook/pythonpath.ps1'
[5.546s] INFO:colcon.colcon_core.shell:Creating environment descriptor '/workspaces/isaac_ros-dev/ros2/src/install/qcar2_interfaces/share/qcar2_interfaces/hook/pythonpath.dsv'
[5.547s] INFO:colcon.colcon_core.shell:Creating environment hook '/workspaces/isaac_ros-dev/ros2/src/install/qcar2_interfaces/share/qcar2_interfaces/hook/pythonpath.sh'
[5.547s] Level 1:colcon.colcon_core.environment:checking '/workspaces/isaac_ros-dev/ros2/src/install/qcar2_interfaces/bin'
[5.554s] INFO:colcon.colcon_core.shell:Creating package script '/workspaces/isaac_ros-dev/ros2/src/install/qcar2_interfaces/share/qcar2_interfaces/package.ps1'
[5.555s] INFO:colcon.colcon_core.shell:Creating package descriptor '/workspaces/isaac_ros-dev/ros2/src/install/qcar2_interfaces/share/qcar2_interfaces/package.dsv'
[5.555s] INFO:colcon.colcon_core.shell:Creating package script '/workspaces/isaac_ros-dev/ros2/src/install/qcar2_interfaces/share/qcar2_interfaces/package.sh'
[5.555s] INFO:colcon.colcon_core.shell:Creating package script '/workspaces/isaac_ros-dev/ros2/src/install/qcar2_interfaces/share/qcar2_interfaces/package.bash'
[5.555s] INFO:colcon.colcon_core.shell:Creating package script '/workspaces/isaac_ros-dev/ros2/src/install/qcar2_interfaces/share/qcar2_interfaces/package.zsh'
[5.556s] Level 1:colcon.colcon_core.environment:create_file_with_runtime_dependencies(/workspaces/isaac_ros-dev/ros2/src/install/qcar2_interfaces/share/colcon-core/packages/qcar2_interfaces)
[5.556s] INFO:colcon.colcon_ros.task.ament_python.build:Building ROS package in '/workspaces/isaac_ros-dev/ros2/src/qcar2_autonomy' with build type 'ament_python'
[5.556s] Level 1:colcon.colcon_core.shell:create_environment_hook('qcar2_autonomy', 'ament_prefix_path')
[5.566s] INFO:colcon.colcon_core.shell:Creating environment hook '/workspaces/isaac_ros-dev/ros2/src/install/qcar2_autonomy/share/qcar2_autonomy/hook/ament_prefix_path.ps1'
[5.566s] INFO:colcon.colcon_core.shell:Creating environment descriptor '/workspaces/isaac_ros-dev/ros2/src/install/qcar2_autonomy/share/qcar2_autonomy/hook/ament_prefix_path.dsv'
[5.568s] INFO:colcon.colcon_core.shell:Creating environment hook '/workspaces/isaac_ros-dev/ros2/src/install/qcar2_autonomy/share/qcar2_autonomy/hook/ament_prefix_path.sh'
[5.581s] INFO:colcon.colcon_core.shell:Skip shell extension 'powershell' for command environment: Not usable outside of PowerShell
[5.581s] DEBUG:colcon.colcon_core.shell:Skip shell extension 'dsv' for command environment
[5.658s] INFO:colcon.colcon_ros.task.ament_cmake.build:Building ROS package in '/workspaces/isaac_ros-dev/ros2/src/qcar2_nodes' with build type 'ament_cmake'
[5.658s] INFO:colcon.colcon_cmake.task.cmake.build:Building CMake package in '/workspaces/isaac_ros-dev/ros2/src/qcar2_nodes'
[5.666s] INFO:colcon.colcon_core.shell:Skip shell extension 'powershell' for command environment: Not usable outside of PowerShell
[5.666s] DEBUG:colcon.colcon_core.shell:Skip shell extension 'dsv' for command environment
[5.946s] INFO:colcon.colcon_core.task.python.build:Building Python package in '/workspaces/isaac_ros-dev/ros2/src/qcar2_autonomy'
[5.951s] INFO:colcon.colcon_core.shell:Skip shell extension 'powershell' for command environment: Not usable outside of PowerShell
[5.951s] DEBUG:colcon.colcon_core.shell:Skip shell extension 'dsv' for command environment
[5.983s] DEBUG:colcon.colcon_core.event_handler.log_command:Invoking command in '/workspaces/isaac_ros-dev/ros2/src/build/qcar2_nodes': AMENT_PREFIX_PATH=/workspaces/isaac_ros-dev/ros2/src/install/qcar2_interfaces:${AMENT_PREFIX_PATH} CMAKE_PREFIX_PATH=/workspaces/isaac_ros-dev/ros2/src/install/qcar2_interfaces:/workspaces/isaac_ros-dev/install/qcar2_nodes:/workspaces/isaac_ros-dev/install/qcar2_interfaces:/workspace/cartographer_ws/install/perception_pcl:/workspace/cartographer_ws/install/pcl_ros:/workspace/cartographer_ws/install/cartographer_rviz:/workspace/cartographer_ws/install/cartographer_ros:/workspace/cartographer_ws/install/pcl_conversions:/workspace/cartographer_ws/install/pcl_msgs:/workspace/cartographer_ws/install/isaac_ros_tensor_list_interfaces:/workspace/cartographer_ws/install/isaac_ros_pointcloud_interfaces:/workspace/cartographer_ws/install/isaac_ros_nova_interfaces:/workspace/cartographer_ws/install/isaac_ros_nitros_bridge_interfaces:/workspace/cartographer_ws/install/isaac_ros_common:/workspace/cartographer_ws/install/isaac_ros_bi3d_interfaces:/workspace/cartographer_ws/install/isaac_ros_apriltag_interfaces:/workspace/cartographer_ws/install/control_msgs:/workspace/cartographer_ws/install/cartographer_ros_msgs:/workspace/cartographer_ws/install/cartographer:/workspace/cartographer_ws/install/absl:/workspaces/isaac_ros-dev/install/qcar2_autonomy:/workspace/cartographer_ws/install/isaac_ros_test:/opt/ros/humble LD_LIBRARY_PATH=/workspaces/isaac_ros-dev/ros2/src/install/qcar2_interfaces/lib:${LD_LIBRARY_PATH} PYTHONPATH=/workspaces/isaac_ros-dev/ros2/src/install/qcar2_interfaces/lib/python3.8/site-packages:${PYTHONPATH} _=/usr/bin/env /usr/bin/cmake /workspaces/isaac_ros-dev/ros2/src/qcar2_nodes -DCMAKE_INSTALL_PREFIX=/workspaces/isaac_ros-dev/ros2/src/install/qcar2_nodes
[6.432s] DEBUG:colcon.colcon_core.event_handler.log_command:Invoking command in '/workspaces/isaac_ros-dev/ros2/src/qcar2_autonomy': AMENT_PREFIX_PATH=/workspaces/isaac_ros-dev/ros2/src/install/qcar2_interfaces:${AMENT_PREFIX_PATH} CMAKE_PREFIX_PATH=/workspaces/isaac_ros-dev/ros2/src/install/qcar2_interfaces:${CMAKE_PREFIX_PATH} LD_LIBRARY_PATH=/workspaces/isaac_ros-dev/ros2/src/install/qcar2_interfaces/lib:${LD_LIBRARY_PATH} PYTHONPATH=/workspaces/isaac_ros-dev/ros2/src/build/qcar2_autonomy/prefix_override:/workspaces/isaac_ros-dev/ros2/src/install/qcar2_autonomy/lib/python3.8/site-packages:/workspaces/isaac_ros-dev/ros2/src/install/qcar2_interfaces/lib/python3.8/site-packages:${PYTHONPATH} _=/usr/bin/env /usr/bin/python3 setup.py egg_info --egg-base ../build/qcar2_autonomy build --build-base /workspaces/isaac_ros-dev/ros2/src/build/qcar2_autonomy/build install --record /workspaces/isaac_ros-dev/ros2/src/build/qcar2_autonomy/install.log --single-version-externally-managed
[6.835s] DEBUG:colcon.colcon_core.event_handler.log_command:Invoked command in '/workspaces/isaac_ros-dev/ros2/src/qcar2_autonomy' returned '0': AMENT_PREFIX_PATH=/workspaces/isaac_ros-dev/ros2/src/install/qcar2_interfaces:${AMENT_PREFIX_PATH} CMAKE_PREFIX_PATH=/workspaces/isaac_ros-dev/ros2/src/install/qcar2_interfaces:${CMAKE_PREFIX_PATH} LD_LIBRARY_PATH=/workspaces/isaac_ros-dev/ros2/src/install/qcar2_interfaces/lib:${LD_LIBRARY_PATH} PYTHONPATH=/workspaces/isaac_ros-dev/ros2/src/build/qcar2_autonomy/prefix_override:/workspaces/isaac_ros-dev/ros2/src/install/qcar2_autonomy/lib/python3.8/site-packages:/workspaces/isaac_ros-dev/ros2/src/install/qcar2_interfaces/lib/python3.8/site-packages:${PYTHONPATH} _=/usr/bin/env /usr/bin/python3 setup.py egg_info --egg-base ../build/qcar2_autonomy build --build-base /workspaces/isaac_ros-dev/ros2/src/build/qcar2_autonomy/build install --record /workspaces/isaac_ros-dev/ros2/src/build/qcar2_autonomy/install.log --single-version-externally-managed
[6.843s] Level 1:colcon.colcon_core.environment:checking '/workspaces/isaac_ros-dev/ros2/src/install/qcar2_autonomy' for CMake module files
[6.843s] Level 1:colcon.colcon_core.environment:checking '/workspaces/isaac_ros-dev/ros2/src/install/qcar2_autonomy' for CMake config files
[6.844s] Level 1:colcon.colcon_core.environment:checking '/workspaces/isaac_ros-dev/ros2/src/install/qcar2_autonomy/lib'
[6.844s] Level 1:colcon.colcon_core.environment:checking '/workspaces/isaac_ros-dev/ros2/src/install/qcar2_autonomy/bin'
[6.844s] Level 1:colcon.colcon_core.environment:checking '/workspaces/isaac_ros-dev/ros2/src/install/qcar2_autonomy/lib/pkgconfig/qcar2_autonomy.pc'
[6.844s] Level 1:colcon.colcon_core.environment:checking '/workspaces/isaac_ros-dev/ros2/src/install/qcar2_autonomy/lib/python3.8/site-packages'
[6.844s] Level 1:colcon.colcon_core.shell:create_environment_hook('qcar2_autonomy', 'pythonpath')
[6.854s] INFO:colcon.colcon_core.shell:Creating environment hook '/workspaces/isaac_ros-dev/ros2/src/install/qcar2_autonomy/share/qcar2_autonomy/hook/pythonpath.ps1'
[6.854s] INFO:colcon.colcon_core.shell:Creating environment descriptor '/workspaces/isaac_ros-dev/ros2/src/install/qcar2_autonomy/share/qcar2_autonomy/hook/pythonpath.dsv'
[6.855s] INFO:colcon.colcon_core.shell:Creating environment hook '/workspaces/isaac_ros-dev/ros2/src/install/qcar2_autonomy/share/qcar2_autonomy/hook/pythonpath.sh'
[6.855s] Level 1:colcon.colcon_core.environment:checking '/workspaces/isaac_ros-dev/ros2/src/install/qcar2_autonomy/bin'
[6.855s] Level 1:colcon.colcon_core.environment:create_environment_scripts_only(qcar2_autonomy)
[6.864s] INFO:colcon.colcon_core.shell:Creating package script '/workspaces/isaac_ros-dev/ros2/src/install/qcar2_autonomy/share/qcar2_autonomy/package.ps1'
[6.864s] INFO:colcon.colcon_core.shell:Creating package descriptor '/workspaces/isaac_ros-dev/ros2/src/install/qcar2_autonomy/share/qcar2_autonomy/package.dsv'
[6.865s] INFO:colcon.colcon_core.shell:Creating package script '/workspaces/isaac_ros-dev/ros2/src/install/qcar2_autonomy/share/qcar2_autonomy/package.sh'
[6.865s] INFO:colcon.colcon_core.shell:Creating package script '/workspaces/isaac_ros-dev/ros2/src/install/qcar2_autonomy/share/qcar2_autonomy/package.bash'
[6.865s] INFO:colcon.colcon_core.shell:Creating package script '/workspaces/isaac_ros-dev/ros2/src/install/qcar2_autonomy/share/qcar2_autonomy/package.zsh'
[6.865s] Level 1:colcon.colcon_core.environment:create_file_with_runtime_dependencies(/workspaces/isaac_ros-dev/ros2/src/install/qcar2_autonomy/share/colcon-core/packages/qcar2_autonomy)
[8.171s] DEBUG:colcon.colcon_core.event_handler.log_command:Invoked command in '/workspaces/isaac_ros-dev/ros2/src/build/qcar2_nodes' returned '0': AMENT_PREFIX_PATH=/workspaces/isaac_ros-dev/ros2/src/install/qcar2_interfaces:${AMENT_PREFIX_PATH} CMAKE_PREFIX_PATH=/workspaces/isaac_ros-dev/ros2/src/install/qcar2_interfaces:/workspaces/isaac_ros-dev/install/qcar2_nodes:/workspaces/isaac_ros-dev/install/qcar2_interfaces:/workspace/cartographer_ws/install/perception_pcl:/workspace/cartographer_ws/install/pcl_ros:/workspace/cartographer_ws/install/cartographer_rviz:/workspace/cartographer_ws/install/cartographer_ros:/workspace/cartographer_ws/install/pcl_conversions:/workspace/cartographer_ws/install/pcl_msgs:/workspace/cartographer_ws/install/isaac_ros_tensor_list_interfaces:/workspace/cartographer_ws/install/isaac_ros_pointcloud_interfaces:/workspace/cartographer_ws/install/isaac_ros_nova_interfaces:/workspace/cartographer_ws/install/isaac_ros_nitros_bridge_interfaces:/workspace/cartographer_ws/install/isaac_ros_common:/workspace/cartographer_ws/install/isaac_ros_bi3d_interfaces:/workspace/cartographer_ws/install/isaac_ros_apriltag_interfaces:/workspace/cartographer_ws/install/control_msgs:/workspace/cartographer_ws/install/cartographer_ros_msgs:/workspace/cartographer_ws/install/cartographer:/workspace/cartographer_ws/install/absl:/workspaces/isaac_ros-dev/install/qcar2_autonomy:/workspace/cartographer_ws/install/isaac_ros_test:/opt/ros/humble LD_LIBRARY_PATH=/workspaces/isaac_ros-dev/ros2/src/install/qcar2_interfaces/lib:${LD_LIBRARY_PATH} PYTHONPATH=/workspaces/isaac_ros-dev/ros2/src/install/qcar2_interfaces/lib/python3.8/site-packages:${PYTHONPATH} _=/usr/bin/env /usr/bin/cmake /workspaces/isaac_ros-dev/ros2/src/qcar2_nodes -DCMAKE_INSTALL_PREFIX=/workspaces/isaac_ros-dev/ros2/src/install/qcar2_nodes
[8.174s] DEBUG:colcon.colcon_core.event_handler.log_command:Invoking command in '/workspaces/isaac_ros-dev/ros2/src/build/qcar2_nodes': AMENT_PREFIX_PATH=/workspaces/isaac_ros-dev/ros2/src/install/qcar2_interfaces:${AMENT_PREFIX_PATH} CMAKE_PREFIX_PATH=/workspaces/isaac_ros-dev/ros2/src/install/qcar2_interfaces:/workspaces/isaac_ros-dev/install/qcar2_nodes:/workspaces/isaac_ros-dev/install/qcar2_interfaces:/workspace/cartographer_ws/install/perception_pcl:/workspace/cartographer_ws/install/pcl_ros:/workspace/cartographer_ws/install/cartographer_rviz:/workspace/cartographer_ws/install/cartographer_ros:/workspace/cartographer_ws/install/pcl_conversions:/workspace/cartographer_ws/install/pcl_msgs:/workspace/cartographer_ws/install/isaac_ros_tensor_list_interfaces:/workspace/cartographer_ws/install/isaac_ros_pointcloud_interfaces:/workspace/cartographer_ws/install/isaac_ros_nova_interfaces:/workspace/cartographer_ws/install/isaac_ros_nitros_bridge_interfaces:/workspace/cartographer_ws/install/isaac_ros_common:/workspace/cartographer_ws/install/isaac_ros_bi3d_interfaces:/workspace/cartographer_ws/install/isaac_ros_apriltag_interfaces:/workspace/cartographer_ws/install/control_msgs:/workspace/cartographer_ws/install/cartographer_ros_msgs:/workspace/cartographer_ws/install/cartographer:/workspace/cartographer_ws/install/absl:/workspaces/isaac_ros-dev/install/qcar2_autonomy:/workspace/cartographer_ws/install/isaac_ros_test:/opt/ros/humble LD_LIBRARY_PATH=/workspaces/isaac_ros-dev/ros2/src/install/qcar2_interfaces/lib:${LD_LIBRARY_PATH} PYTHONPATH=/workspaces/isaac_ros-dev/ros2/src/install/qcar2_interfaces/lib/python3.8/site-packages:${PYTHONPATH} _=/usr/bin/env /usr/bin/cmake --build /workspaces/isaac_ros-dev/ros2/src/build/qcar2_nodes -- -j24 -l24
[17.414s] DEBUG:colcon.colcon_core.event_handler.log_command:Invoked command in '/workspaces/isaac_ros-dev/ros2/src/build/qcar2_nodes' returned '0': AMENT_PREFIX_PATH=/workspaces/isaac_ros-dev/ros2/src/install/qcar2_interfaces:${AMENT_PREFIX_PATH} CMAKE_PREFIX_PATH=/workspaces/isaac_ros-dev/ros2/src/install/qcar2_interfaces:/workspaces/isaac_ros-dev/install/qcar2_nodes:/workspaces/isaac_ros-dev/install/qcar2_interfaces:/workspace/cartographer_ws/install/perception_pcl:/workspace/cartographer_ws/install/pcl_ros:/workspace/cartographer_ws/install/cartographer_rviz:/workspace/cartographer_ws/install/cartographer_ros:/workspace/cartographer_ws/install/pcl_conversions:/workspace/cartographer_ws/install/pcl_msgs:/workspace/cartographer_ws/install/isaac_ros_tensor_list_interfaces:/workspace/cartographer_ws/install/isaac_ros_pointcloud_interfaces:/workspace/cartographer_ws/install/isaac_ros_nova_interfaces:/workspace/cartographer_ws/install/isaac_ros_nitros_bridge_interfaces:/workspace/cartographer_ws/install/isaac_ros_common:/workspace/cartographer_ws/install/isaac_ros_bi3d_interfaces:/workspace/cartographer_ws/install/isaac_ros_apriltag_interfaces:/workspace/cartographer_ws/install/control_msgs:/workspace/cartographer_ws/install/cartographer_ros_msgs:/workspace/cartographer_ws/install/cartographer:/workspace/cartographer_ws/install/absl:/workspaces/isaac_ros-dev/install/qcar2_autonomy:/workspace/cartographer_ws/install/isaac_ros_test:/opt/ros/humble LD_LIBRARY_PATH=/workspaces/isaac_ros-dev/ros2/src/install/qcar2_interfaces/lib:${LD_LIBRARY_PATH} PYTHONPATH=/workspaces/isaac_ros-dev/ros2/src/install/qcar2_interfaces/lib/python3.8/site-packages:${PYTHONPATH} _=/usr/bin/env /usr/bin/cmake --build /workspaces/isaac_ros-dev/ros2/src/build/qcar2_nodes -- -j24 -l24
[17.695s] DEBUG:colcon.colcon_core.event_handler.log_command:Invoking command in '/workspaces/isaac_ros-dev/ros2/src/build/qcar2_nodes': AMENT_PREFIX_PATH=/workspaces/isaac_ros-dev/ros2/src/install/qcar2_interfaces:${AMENT_PREFIX_PATH} CMAKE_PREFIX_PATH=/workspaces/isaac_ros-dev/ros2/src/install/qcar2_interfaces:/workspaces/isaac_ros-dev/install/qcar2_nodes:/workspaces/isaac_ros-dev/install/qcar2_interfaces:/workspace/cartographer_ws/install/perception_pcl:/workspace/cartographer_ws/install/pcl_ros:/workspace/cartographer_ws/install/cartographer_rviz:/workspace/cartographer_ws/install/cartographer_ros:/workspace/cartographer_ws/install/pcl_conversions:/workspace/cartographer_ws/install/pcl_msgs:/workspace/cartographer_ws/install/isaac_ros_tensor_list_interfaces:/workspace/cartographer_ws/install/isaac_ros_pointcloud_interfaces:/workspace/cartographer_ws/install/isaac_ros_nova_interfaces:/workspace/cartographer_ws/install/isaac_ros_nitros_bridge_interfaces:/workspace/cartographer_ws/install/isaac_ros_common:/workspace/cartographer_ws/install/isaac_ros_bi3d_interfaces:/workspace/cartographer_ws/install/isaac_ros_apriltag_interfaces:/workspace/cartographer_ws/install/control_msgs:/workspace/cartographer_ws/install/cartographer_ros_msgs:/workspace/cartographer_ws/install/cartographer:/workspace/cartographer_ws/install/absl:/workspaces/isaac_ros-dev/install/qcar2_autonomy:/workspace/cartographer_ws/install/isaac_ros_test:/opt/ros/humble LD_LIBRARY_PATH=/workspaces/isaac_ros-dev/ros2/src/install/qcar2_interfaces/lib:${LD_LIBRARY_PATH} PYTHONPATH=/workspaces/isaac_ros-dev/ros2/src/install/qcar2_interfaces/lib/python3.8/site-packages:${PYTHONPATH} _=/usr/bin/env /usr/bin/cmake --install /workspaces/isaac_ros-dev/ros2/src/build/qcar2_nodes
[17.749s] Level 1:colcon.colcon_core.environment:create_environment_scripts_only(qcar2_nodes)
[17.750s] DEBUG:colcon.colcon_core.event_handler.log_command:Invoked command in '/workspaces/isaac_ros-dev/ros2/src/build/qcar2_nodes' returned '0': AMENT_PREFIX_PATH=/workspaces/isaac_ros-dev/ros2/src/install/qcar2_interfaces:${AMENT_PREFIX_PATH} CMAKE_PREFIX_PATH=/workspaces/isaac_ros-dev/ros2/src/install/qcar2_interfaces:/workspaces/isaac_ros-dev/install/qcar2_nodes:/workspaces/isaac_ros-dev/install/qcar2_interfaces:/workspace/cartographer_ws/install/perception_pcl:/workspace/cartographer_ws/install/pcl_ros:/workspace/cartographer_ws/install/cartographer_rviz:/workspace/cartographer_ws/install/cartographer_ros:/workspace/cartographer_ws/install/pcl_conversions:/workspace/cartographer_ws/install/pcl_msgs:/workspace/cartographer_ws/install/isaac_ros_tensor_list_interfaces:/workspace/cartographer_ws/install/isaac_ros_pointcloud_interfaces:/workspace/cartographer_ws/install/isaac_ros_nova_interfaces:/workspace/cartographer_ws/install/isaac_ros_nitros_bridge_interfaces:/workspace/cartographer_ws/install/isaac_ros_common:/workspace/cartographer_ws/install/isaac_ros_bi3d_interfaces:/workspace/cartographer_ws/install/isaac_ros_apriltag_interfaces:/workspace/cartographer_ws/install/control_msgs:/workspace/cartographer_ws/install/cartographer_ros_msgs:/workspace/cartographer_ws/install/cartographer:/workspace/cartographer_ws/install/absl:/workspaces/isaac_ros-dev/install/qcar2_autonomy:/workspace/cartographer_ws/install/isaac_ros_test:/opt/ros/humble LD_LIBRARY_PATH=/workspaces/isaac_ros-dev/ros2/src/install/qcar2_interfaces/lib:${LD_LIBRARY_PATH} PYTHONPATH=/workspaces/isaac_ros-dev/ros2/src/install/qcar2_interfaces/lib/python3.8/site-packages:${PYTHONPATH} _=/usr/bin/env /usr/bin/cmake --install /workspaces/isaac_ros-dev/ros2/src/build/qcar2_nodes
[17.756s] Level 1:colcon.colcon_core.environment:checking '/workspaces/isaac_ros-dev/ros2/src/install/qcar2_nodes' for CMake module files
[17.757s] Level 1:colcon.colcon_core.environment:checking '/workspaces/isaac_ros-dev/ros2/src/install/qcar2_nodes' for CMake config files
[17.757s] Level 1:colcon.colcon_core.shell:create_environment_hook('qcar2_nodes', 'cmake_prefix_path')
[17.763s] INFO:colcon.colcon_core.shell:Creating environment hook '/workspaces/isaac_ros-dev/ros2/src/install/qcar2_nodes/share/qcar2_nodes/hook/cmake_prefix_path.ps1'
[17.764s] INFO:colcon.colcon_core.shell:Creating environment descriptor '/workspaces/isaac_ros-dev/ros2/src/install/qcar2_nodes/share/qcar2_nodes/hook/cmake_prefix_path.dsv'
[17.764s] INFO:colcon.colcon_core.shell:Creating environment hook '/workspaces/isaac_ros-dev/ros2/src/install/qcar2_nodes/share/qcar2_nodes/hook/cmake_prefix_path.sh'
[17.764s] Level 1:colcon.colcon_core.environment:checking '/workspaces/isaac_ros-dev/ros2/src/install/qcar2_nodes/lib'
[17.764s] Level 1:colcon.colcon_core.environment:checking '/workspaces/isaac_ros-dev/ros2/src/install/qcar2_nodes/bin'
[17.764s] Level 1:colcon.colcon_core.environment:checking '/workspaces/isaac_ros-dev/ros2/src/install/qcar2_nodes/lib/pkgconfig/qcar2_nodes.pc'
[17.764s] Level 1:colcon.colcon_core.environment:checking '/workspaces/isaac_ros-dev/ros2/src/install/qcar2_nodes/lib/python3.8/site-packages'
[17.764s] Level 1:colcon.colcon_core.shell:create_environment_hook('qcar2_nodes', 'pythonpath')
[17.771s] INFO:colcon.colcon_core.shell:Creating environment hook '/workspaces/isaac_ros-dev/ros2/src/install/qcar2_nodes/share/qcar2_nodes/hook/pythonpath.ps1'
[17.771s] INFO:colcon.colcon_core.shell:Creating environment descriptor '/workspaces/isaac_ros-dev/ros2/src/install/qcar2_nodes/share/qcar2_nodes/hook/pythonpath.dsv'
[17.771s] INFO:colcon.colcon_core.shell:Creating environment hook '/workspaces/isaac_ros-dev/ros2/src/install/qcar2_nodes/share/qcar2_nodes/hook/pythonpath.sh'
[17.772s] Level 1:colcon.colcon_core.environment:checking '/workspaces/isaac_ros-dev/ros2/src/install/qcar2_nodes/bin'
[17.778s] INFO:colcon.colcon_core.shell:Creating package script '/workspaces/isaac_ros-dev/ros2/src/install/qcar2_nodes/share/qcar2_nodes/package.ps1'
[17.778s] INFO:colcon.colcon_core.shell:Creating package descriptor '/workspaces/isaac_ros-dev/ros2/src/install/qcar2_nodes/share/qcar2_nodes/package.dsv'
[17.778s] INFO:colcon.colcon_core.shell:Creating package script '/workspaces/isaac_ros-dev/ros2/src/install/qcar2_nodes/share/qcar2_nodes/package.sh'
[17.779s] INFO:colcon.colcon_core.shell:Creating package script '/workspaces/isaac_ros-dev/ros2/src/install/qcar2_nodes/share/qcar2_nodes/package.bash'
[17.779s] INFO:colcon.colcon_core.shell:Creating package script '/workspaces/isaac_ros-dev/ros2/src/install/qcar2_nodes/share/qcar2_nodes/package.zsh'
[17.779s] Level 1:colcon.colcon_core.environment:create_file_with_runtime_dependencies(/workspaces/isaac_ros-dev/ros2/src/install/qcar2_nodes/share/colcon-core/packages/qcar2_nodes)
[18.058s] Level 1:colcon.colcon_core.environment:create_environment_scripts_only(qcar2_nodes)
[18.064s] Level 1:colcon.colcon_core.environment:checking '/workspaces/isaac_ros-dev/ros2/src/install/qcar2_nodes' for CMake module files
[18.065s] Level 1:colcon.colcon_core.environment:checking '/workspaces/isaac_ros-dev/ros2/src/install/qcar2_nodes' for CMake config files
[18.065s] Level 1:colcon.colcon_core.shell:create_environment_hook('qcar2_nodes', 'cmake_prefix_path')
[18.072s] INFO:colcon.colcon_core.shell:Creating environment hook '/workspaces/isaac_ros-dev/ros2/src/install/qcar2_nodes/share/qcar2_nodes/hook/cmake_prefix_path.ps1'
[18.072s] INFO:colcon.colcon_core.shell:Creating environment descriptor '/workspaces/isaac_ros-dev/ros2/src/install/qcar2_nodes/share/qcar2_nodes/hook/cmake_prefix_path.dsv'
[18.073s] INFO:colcon.colcon_core.shell:Creating environment hook '/workspaces/isaac_ros-dev/ros2/src/install/qcar2_nodes/share/qcar2_nodes/hook/cmake_prefix_path.sh'
[18.073s] Level 1:colcon.colcon_core.environment:checking '/workspaces/isaac_ros-dev/ros2/src/install/qcar2_nodes/lib'
[18.073s] Level 1:colcon.colcon_core.environment:checking '/workspaces/isaac_ros-dev/ros2/src/install/qcar2_nodes/bin'
[18.073s] Level 1:colcon.colcon_core.environment:checking '/workspaces/isaac_ros-dev/ros2/src/install/qcar2_nodes/lib/pkgconfig/qcar2_nodes.pc'
[18.073s] Level 1:colcon.colcon_core.environment:checking '/workspaces/isaac_ros-dev/ros2/src/install/qcar2_nodes/lib/python3.8/site-packages'
[18.073s] Level 1:colcon.colcon_core.shell:create_environment_hook('qcar2_nodes', 'pythonpath')
[18.081s] INFO:colcon.colcon_core.shell:Creating environment hook '/workspaces/isaac_ros-dev/ros2/src/install/qcar2_nodes/share/qcar2_nodes/hook/pythonpath.ps1'
[18.081s] INFO:colcon.colcon_core.shell:Creating environment descriptor '/workspaces/isaac_ros-dev/ros2/src/install/qcar2_nodes/share/qcar2_nodes/hook/pythonpath.dsv'
[18.081s] INFO:colcon.colcon_core.shell:Creating environment hook '/workspaces/isaac_ros-dev/ros2/src/install/qcar2_nodes/share/qcar2_nodes/hook/pythonpath.sh'
[18.082s] Level 1:colcon.colcon_core.environment:checking '/workspaces/isaac_ros-dev/ros2/src/install/qcar2_nodes/bin'
[18.089s] INFO:colcon.colcon_core.shell:Creating package script '/workspaces/isaac_ros-dev/ros2/src/install/qcar2_nodes/share/qcar2_nodes/package.ps1'
[18.090s] INFO:colcon.colcon_core.shell:Creating package descriptor '/workspaces/isaac_ros-dev/ros2/src/install/qcar2_nodes/share/qcar2_nodes/package.dsv'
[18.090s] INFO:colcon.colcon_core.shell:Creating package script '/workspaces/isaac_ros-dev/ros2/src/install/qcar2_nodes/share/qcar2_nodes/package.sh'
[18.090s] INFO:colcon.colcon_core.shell:Creating package script '/workspaces/isaac_ros-dev/ros2/src/install/qcar2_nodes/share/qcar2_nodes/package.bash'
[18.091s] INFO:colcon.colcon_core.shell:Creating package script '/workspaces/isaac_ros-dev/ros2/src/install/qcar2_nodes/share/qcar2_nodes/package.zsh'
[18.091s] Level 1:colcon.colcon_core.environment:create_file_with_runtime_dependencies(/workspaces/isaac_ros-dev/ros2/src/install/qcar2_nodes/share/colcon-core/packages/qcar2_nodes)
[18.091s] DEBUG:colcon.colcon_parallel_executor.executor.parallel:closing loop
[18.091s] DEBUG:colcon.colcon_parallel_executor.executor.parallel:loop closed
[18.091s] DEBUG:colcon.colcon_parallel_executor.executor.parallel:run_until_complete finished with '0'
[18.091s] DEBUG:colcon.colcon_core.event_reactor:joining thread
[18.102s] INFO:colcon.colcon_core.plugin_system:Skipping extension 'colcon_notification.desktop_notification.notify_send': Could not find 'notify-send'
[18.102s] INFO:colcon.colcon_core.plugin_system:Skipping extension 'colcon_notification.desktop_notification.terminal_notifier': Not used on non-Darwin systems
[18.102s] INFO:colcon.colcon_core.plugin_system:Skipping extension 'colcon_notification.desktop_notification.win32': Not used on non-Windows systems
[18.102s] INFO:colcon.colcon_notification.desktop_notification:Sending desktop notification using 'notify2'
[18.104s] DEBUG:colcon.colcon_notification.desktop_notification.notify2:Failed to initialize notify2: org.freedesktop.DBus.Error.Spawn.ExecFailed: /usr/bin/dbus-launch terminated abnormally without any error message
[18.104s] DEBUG:colcon.colcon_core.event_reactor:joined thread
[18.111s] INFO:colcon.colcon_core.shell:Creating prefix script '/workspaces/isaac_ros-dev/ros2/src/install/local_setup.ps1'
[18.112s] INFO:colcon.colcon_core.shell:Creating prefix util module '/workspaces/isaac_ros-dev/ros2/src/install/_local_setup_util_ps1.py'
[18.113s] INFO:colcon.colcon_core.shell:Creating prefix chain script '/workspaces/isaac_ros-dev/ros2/src/install/setup.ps1'
[18.120s] INFO:colcon.colcon_core.shell:Creating prefix script '/workspaces/isaac_ros-dev/ros2/src/install/local_setup.sh'
[18.121s] INFO:colcon.colcon_core.shell:Creating prefix util module '/workspaces/isaac_ros-dev/ros2/src/install/_local_setup_util_sh.py'
[18.121s] INFO:colcon.colcon_core.shell:Creating prefix chain script '/workspaces/isaac_ros-dev/ros2/src/install/setup.sh'
[18.129s] INFO:colcon.colcon_core.shell:Creating prefix script '/workspaces/isaac_ros-dev/ros2/src/install/local_setup.bash'
[18.129s] INFO:colcon.colcon_core.shell:Creating prefix chain script '/workspaces/isaac_ros-dev/ros2/src/install/setup.bash'
[18.139s] INFO:colcon.colcon_core.shell:Creating prefix script '/workspaces/isaac_ros-dev/ros2/src/install/local_setup.zsh'
[18.139s] INFO:colcon.colcon_core.shell:Creating prefix chain script '/workspaces/isaac_ros-dev/ros2/src/install/setup.zsh'
