[0.324s] Invoking command in '/workspaces/isaac_ros-dev/ros2/src/build/qcar2_nodes': AMENT_PREFIX_PATH=/workspaces/isaac_ros-dev/ros2/src/install/qcar2_interfaces:${AMENT_PREFIX_PATH} CMAKE_PREFIX_PATH=/workspaces/isaac_ros-dev/ros2/src/install/qcar2_interfaces:/workspaces/isaac_ros-dev/install/qcar2_nodes:/workspaces/isaac_ros-dev/install/qcar2_interfaces:/workspace/cartographer_ws/install/perception_pcl:/workspace/cartographer_ws/install/pcl_ros:/workspace/cartographer_ws/install/cartographer_rviz:/workspace/cartographer_ws/install/cartographer_ros:/workspace/cartographer_ws/install/pcl_conversions:/workspace/cartographer_ws/install/pcl_msgs:/workspace/cartographer_ws/install/isaac_ros_tensor_list_interfaces:/workspace/cartographer_ws/install/isaac_ros_pointcloud_interfaces:/workspace/cartographer_ws/install/isaac_ros_nova_interfaces:/workspace/cartographer_ws/install/isaac_ros_nitros_bridge_interfaces:/workspace/cartographer_ws/install/isaac_ros_common:/workspace/cartographer_ws/install/isaac_ros_bi3d_interfaces:/workspace/cartographer_ws/install/isaac_ros_apriltag_interfaces:/workspace/cartographer_ws/install/control_msgs:/workspace/cartographer_ws/install/cartographer_ros_msgs:/workspace/cartographer_ws/install/cartographer:/workspace/cartographer_ws/install/absl:/workspaces/isaac_ros-dev/install/qcar2_autonomy:/workspace/cartographer_ws/install/isaac_ros_test:/opt/ros/humble LD_LIBRARY_PATH=/workspaces/isaac_ros-dev/ros2/src/install/qcar2_interfaces/lib:${LD_LIBRARY_PATH} PYTHONPATH=/workspaces/isaac_ros-dev/ros2/src/install/qcar2_interfaces/lib/python3.8/site-packages:${PYTHONPATH} _=/usr/bin/env /usr/bin/cmake /workspaces/isaac_ros-dev/ros2/src/qcar2_nodes -DCMAKE_INSTALL_PREFIX=/workspaces/isaac_ros-dev/ros2/src/install/qcar2_nodes
[0.373s] -- The C compiler identification is GNU 9.4.0
[0.415s] -- The CXX compiler identification is GNU 9.4.0
[0.419s] -- Detecting C compiler ABI info
[0.470s] -- Detecting C compiler ABI info - done
[0.474s] -- Check for working C compiler: /usr/bin/cc - skipped
[0.474s] -- Detecting C compile features
[0.474s] -- Detecting C compile features - done
[0.476s] -- Detecting CXX compiler ABI info
[0.536s] -- Detecting CXX compiler ABI info - done
[0.540s] -- Check for working CXX compiler: /usr/bin/c++ - skipped
[0.541s] -- Detecting CXX compile features
[0.541s] -- Detecting CXX compile features - done
[0.543s] -- Found ament_cmake: 1.3.5 (/opt/ros/humble/share/ament_cmake/cmake)
[1.010s] -- Found Python3: /usr/bin/python3.8 (found version "3.8.10") found components: Interpreter 
[1.087s] -- Found cv_bridge: 3.2.1 (/opt/ros/humble/share/cv_bridge/cmake)
[1.139s] -- Found rosidl_generator_c: 3.1.5 (/opt/ros/humble/share/rosidl_generator_c/cmake)
[1.144s] -- Found rosidl_adapter: 3.1.5 (/opt/ros/humble/share/rosidl_adapter/cmake)
[1.153s] -- Found rosidl_generator_cpp: 3.1.5 (/opt/ros/humble/share/rosidl_generator_cpp/cmake)
[1.163s] -- Using all available rosidl_typesupport_c: rosidl_typesupport_fastrtps_c;rosidl_typesupport_introspection_c
[1.179s] -- Using all available rosidl_typesupport_cpp: rosidl_typesupport_fastrtps_cpp;rosidl_typesupport_introspection_cpp
[1.287s] -- Found image_transport: 3.1.7 (/opt/ros/humble/share/image_transport/cmake)
[1.332s] -- Found rmw_implementation_cmake: 6.1.1 (/opt/ros/humble/share/rmw_implementation_cmake/cmake)
[1.335s] -- Found rmw_fastrtps_cpp: 6.2.4 (/opt/ros/humble/share/rmw_fastrtps_cpp/cmake)
[1.445s] -- Found OpenSSL: /usr/lib/x86_64-linux-gnu/libcrypto.so (found version "1.1.1f")  
[1.476s] -- Found FastRTPS: /opt/ros/humble/include  
[1.531s] -- Using RMW implementation 'rmw_fastrtps_cpp' as default
[1.554s] -- Looking for pthread.h
[1.611s] -- Looking for pthread.h - found
[1.611s] -- Performing Test CMAKE_HAVE_LIBC_PTHREAD
[1.668s] -- Performing Test CMAKE_HAVE_LIBC_PTHREAD - Failed
[1.668s] -- Looking for pthread_create in pthreads
[1.715s] -- Looking for pthread_create in pthreads - not found
[1.715s] -- Looking for pthread_create in pthread
[1.772s] -- Looking for pthread_create in pthread - found
[1.773s] -- Found Threads: TRUE  
[1.887s] -- Found OpenCV: /usr (found version "4.2.0") found components: highgui imgcodecs imgproc videoio 
[1.890s] -- Found rclpy: 3.3.10 (/opt/ros/humble/share/rclpy/cmake)
[1.892s] -- Found nav_msgs: 4.2.3 (/opt/ros/humble/share/nav_msgs/cmake)
[1.932s] -- Found action_msgs: 1.2.1 (/opt/ros/humble/share/action_msgs/cmake)
[1.962s] -- Found control_msgs: 4.9.0 (/workspace/cartographer_ws/install/control_msgs/share/control_msgs/cmake)
[2.086s] -- Found qcar2_interfaces: 0.0.0 (/workspaces/isaac_ros-dev/ros2/src/install/qcar2_interfaces/share/qcar2_interfaces/cmake)
[2.102s] -- Found tf2_ros: 0.25.4 (/opt/ros/humble/share/tf2_ros/cmake)
[2.419s] -- Found ament_lint_auto: 0.12.8 (/opt/ros/humble/share/ament_lint_auto/cmake)
[2.476s] -- Added test 'cppcheck' to perform static code analysis on C / C++ code
[2.476s] -- Configured cppcheck include dirs: 
[2.476s] -- Configured cppcheck exclude dirs and/or files: 
[2.477s] -- Added test 'flake8' to check Python code syntax and style conventions
[2.477s] -- Added test 'lint_cmake' to check CMake code style
[2.477s] -- Added test 'pep257' to check Python code against some of the docstring style conventions in PEP 257
[2.478s] -- Added test 'uncrustify' to check C / C++ code style
[2.478s] -- Configured uncrustify additional arguments: 
[2.479s] -- Added test 'xmllint' to check XML markup files
[2.479s] -- Configuring done
[2.502s] -- Generating done
[2.503s] -- Build files have been written to: /workspaces/isaac_ros-dev/ros2/src/build/qcar2_nodes
[2.513s] Invoked command in '/workspaces/isaac_ros-dev/ros2/src/build/qcar2_nodes' returned '0': AMENT_PREFIX_PATH=/workspaces/isaac_ros-dev/ros2/src/install/qcar2_interfaces:${AMENT_PREFIX_PATH} CMAKE_PREFIX_PATH=/workspaces/isaac_ros-dev/ros2/src/install/qcar2_interfaces:/workspaces/isaac_ros-dev/install/qcar2_nodes:/workspaces/isaac_ros-dev/install/qcar2_interfaces:/workspace/cartographer_ws/install/perception_pcl:/workspace/cartographer_ws/install/pcl_ros:/workspace/cartographer_ws/install/cartographer_rviz:/workspace/cartographer_ws/install/cartographer_ros:/workspace/cartographer_ws/install/pcl_conversions:/workspace/cartographer_ws/install/pcl_msgs:/workspace/cartographer_ws/install/isaac_ros_tensor_list_interfaces:/workspace/cartographer_ws/install/isaac_ros_pointcloud_interfaces:/workspace/cartographer_ws/install/isaac_ros_nova_interfaces:/workspace/cartographer_ws/install/isaac_ros_nitros_bridge_interfaces:/workspace/cartographer_ws/install/isaac_ros_common:/workspace/cartographer_ws/install/isaac_ros_bi3d_interfaces:/workspace/cartographer_ws/install/isaac_ros_apriltag_interfaces:/workspace/cartographer_ws/install/control_msgs:/workspace/cartographer_ws/install/cartographer_ros_msgs:/workspace/cartographer_ws/install/cartographer:/workspace/cartographer_ws/install/absl:/workspaces/isaac_ros-dev/install/qcar2_autonomy:/workspace/cartographer_ws/install/isaac_ros_test:/opt/ros/humble LD_LIBRARY_PATH=/workspaces/isaac_ros-dev/ros2/src/install/qcar2_interfaces/lib:${LD_LIBRARY_PATH} PYTHONPATH=/workspaces/isaac_ros-dev/ros2/src/install/qcar2_interfaces/lib/python3.8/site-packages:${PYTHONPATH} _=/usr/bin/env /usr/bin/cmake /workspaces/isaac_ros-dev/ros2/src/qcar2_nodes -DCMAKE_INSTALL_PREFIX=/workspaces/isaac_ros-dev/ros2/src/install/qcar2_nodes
[2.515s] Invoking command in '/workspaces/isaac_ros-dev/ros2/src/build/qcar2_nodes': AMENT_PREFIX_PATH=/workspaces/isaac_ros-dev/ros2/src/install/qcar2_interfaces:${AMENT_PREFIX_PATH} CMAKE_PREFIX_PATH=/workspaces/isaac_ros-dev/ros2/src/install/qcar2_interfaces:/workspaces/isaac_ros-dev/install/qcar2_nodes:/workspaces/isaac_ros-dev/install/qcar2_interfaces:/workspace/cartographer_ws/install/perception_pcl:/workspace/cartographer_ws/install/pcl_ros:/workspace/cartographer_ws/install/cartographer_rviz:/workspace/cartographer_ws/install/cartographer_ros:/workspace/cartographer_ws/install/pcl_conversions:/workspace/cartographer_ws/install/pcl_msgs:/workspace/cartographer_ws/install/isaac_ros_tensor_list_interfaces:/workspace/cartographer_ws/install/isaac_ros_pointcloud_interfaces:/workspace/cartographer_ws/install/isaac_ros_nova_interfaces:/workspace/cartographer_ws/install/isaac_ros_nitros_bridge_interfaces:/workspace/cartographer_ws/install/isaac_ros_common:/workspace/cartographer_ws/install/isaac_ros_bi3d_interfaces:/workspace/cartographer_ws/install/isaac_ros_apriltag_interfaces:/workspace/cartographer_ws/install/control_msgs:/workspace/cartographer_ws/install/cartographer_ros_msgs:/workspace/cartographer_ws/install/cartographer:/workspace/cartographer_ws/install/absl:/workspaces/isaac_ros-dev/install/qcar2_autonomy:/workspace/cartographer_ws/install/isaac_ros_test:/opt/ros/humble LD_LIBRARY_PATH=/workspaces/isaac_ros-dev/ros2/src/install/qcar2_interfaces/lib:${LD_LIBRARY_PATH} PYTHONPATH=/workspaces/isaac_ros-dev/ros2/src/install/qcar2_interfaces/lib/python3.8/site-packages:${PYTHONPATH} _=/usr/bin/env /usr/bin/cmake --build /workspaces/isaac_ros-dev/ros2/src/build/qcar2_nodes -- -j24 -l24
[2.552s] [  6%] [32mBuilding CXX object CMakeFiles/lidar.dir/src/lidar.cpp.o[0m
[2.553s] [ 12%] [32mBuilding CXX object CMakeFiles/rgbd.dir/src/rgbd.cpp.o[0m
[2.553s] [ 18%] [32mBuilding CXX object CMakeFiles/qcar2_hardware.dir/src/qcar2_hardware.cpp.o[0m
[2.553s] [ 25%] [32mBuilding CXX object CMakeFiles/fixed_lidar_frame.dir/src/fixed_lidar_frame.cpp.o[0m
[2.553s] [ 37%] [32mBuilding CXX object CMakeFiles/nav2_qcar2_converter.dir/src/nav2_qcar_command_convert.cpp.o[0m
[2.553s] [ 37%] [32mBuilding CXX object CMakeFiles/command.dir/src/command.cpp.o[0m
[2.554s] [ 43%] [32mBuilding CXX object CMakeFiles/fixed_lidar_frame_virtual.dir/src/fixed_lidar_frame_virtual.cpp.o[0m
[2.554s] [ 50%] [32mBuilding CXX object CMakeFiles/csi.dir/src/csi.cpp.o[0m
[2.556s] [ 50%] Built target ament_cmake_python_copy_qcar2_nodes
[2.763s] running egg_info
[2.764s] creating qcar2_nodes.egg-info
[2.770s] writing qcar2_nodes.egg-info/PKG-INFO
[2.770s] writing dependency_links to qcar2_nodes.egg-info/dependency_links.txt
[2.770s] writing top-level names to qcar2_nodes.egg-info/top_level.txt
[2.770s] writing manifest file 'qcar2_nodes.egg-info/SOURCES.txt'
[2.787s] reading manifest file 'qcar2_nodes.egg-info/SOURCES.txt'
[2.788s] writing manifest file 'qcar2_nodes.egg-info/SOURCES.txt'
[2.828s] [ 50%] Built target ament_cmake_python_build_qcar2_nodes_egg
[5.225s] [ 56%] [32m[1mLinking CXX executable csi[0m
[5.411s] [ 62%] [32m[1mLinking CXX executable fixed_lidar_frame_virtual[0m
[5.587s] [ 62%] Built target fixed_lidar_frame_virtual
[5.596s] [ 62%] Built target csi
[5.629s] [ 68%] [32m[1mLinking CXX executable rgbd[0m
[6.043s] [ 75%] [32m[1mLinking CXX executable lidar[0m
[6.057s] [ 75%] Built target rgbd
[6.171s] [ 81%] [32m[1mLinking CXX executable command[0m
[6.189s] [ 81%] Built target lidar
[6.523s] [ 81%] Built target command
[6.593s] [ 87%] [32m[1mLinking CXX executable fixed_lidar_frame[0m
[6.812s] [ 87%] Built target fixed_lidar_frame
[7.890s] [ 93%] [32m[1mLinking CXX executable nav2_qcar2_converter[0m
[8.228s] [ 93%] Built target nav2_qcar2_converter
[11.344s] [100%] [32m[1mLinking CXX executable qcar2_hardware[0m
[11.747s] [100%] Built target qcar2_hardware
[11.756s] Invoked command in '/workspaces/isaac_ros-dev/ros2/src/build/qcar2_nodes' returned '0': AMENT_PREFIX_PATH=/workspaces/isaac_ros-dev/ros2/src/install/qcar2_interfaces:${AMENT_PREFIX_PATH} CMAKE_PREFIX_PATH=/workspaces/isaac_ros-dev/ros2/src/install/qcar2_interfaces:/workspaces/isaac_ros-dev/install/qcar2_nodes:/workspaces/isaac_ros-dev/install/qcar2_interfaces:/workspace/cartographer_ws/install/perception_pcl:/workspace/cartographer_ws/install/pcl_ros:/workspace/cartographer_ws/install/cartographer_rviz:/workspace/cartographer_ws/install/cartographer_ros:/workspace/cartographer_ws/install/pcl_conversions:/workspace/cartographer_ws/install/pcl_msgs:/workspace/cartographer_ws/install/isaac_ros_tensor_list_interfaces:/workspace/cartographer_ws/install/isaac_ros_pointcloud_interfaces:/workspace/cartographer_ws/install/isaac_ros_nova_interfaces:/workspace/cartographer_ws/install/isaac_ros_nitros_bridge_interfaces:/workspace/cartographer_ws/install/isaac_ros_common:/workspace/cartographer_ws/install/isaac_ros_bi3d_interfaces:/workspace/cartographer_ws/install/isaac_ros_apriltag_interfaces:/workspace/cartographer_ws/install/control_msgs:/workspace/cartographer_ws/install/cartographer_ros_msgs:/workspace/cartographer_ws/install/cartographer:/workspace/cartographer_ws/install/absl:/workspaces/isaac_ros-dev/install/qcar2_autonomy:/workspace/cartographer_ws/install/isaac_ros_test:/opt/ros/humble LD_LIBRARY_PATH=/workspaces/isaac_ros-dev/ros2/src/install/qcar2_interfaces/lib:${LD_LIBRARY_PATH} PYTHONPATH=/workspaces/isaac_ros-dev/ros2/src/install/qcar2_interfaces/lib/python3.8/site-packages:${PYTHONPATH} _=/usr/bin/env /usr/bin/cmake --build /workspaces/isaac_ros-dev/ros2/src/build/qcar2_nodes -- -j24 -l24
[12.036s] Invoking command in '/workspaces/isaac_ros-dev/ros2/src/build/qcar2_nodes': AMENT_PREFIX_PATH=/workspaces/isaac_ros-dev/ros2/src/install/qcar2_interfaces:${AMENT_PREFIX_PATH} CMAKE_PREFIX_PATH=/workspaces/isaac_ros-dev/ros2/src/install/qcar2_interfaces:/workspaces/isaac_ros-dev/install/qcar2_nodes:/workspaces/isaac_ros-dev/install/qcar2_interfaces:/workspace/cartographer_ws/install/perception_pcl:/workspace/cartographer_ws/install/pcl_ros:/workspace/cartographer_ws/install/cartographer_rviz:/workspace/cartographer_ws/install/cartographer_ros:/workspace/cartographer_ws/install/pcl_conversions:/workspace/cartographer_ws/install/pcl_msgs:/workspace/cartographer_ws/install/isaac_ros_tensor_list_interfaces:/workspace/cartographer_ws/install/isaac_ros_pointcloud_interfaces:/workspace/cartographer_ws/install/isaac_ros_nova_interfaces:/workspace/cartographer_ws/install/isaac_ros_nitros_bridge_interfaces:/workspace/cartographer_ws/install/isaac_ros_common:/workspace/cartographer_ws/install/isaac_ros_bi3d_interfaces:/workspace/cartographer_ws/install/isaac_ros_apriltag_interfaces:/workspace/cartographer_ws/install/control_msgs:/workspace/cartographer_ws/install/cartographer_ros_msgs:/workspace/cartographer_ws/install/cartographer:/workspace/cartographer_ws/install/absl:/workspaces/isaac_ros-dev/install/qcar2_autonomy:/workspace/cartographer_ws/install/isaac_ros_test:/opt/ros/humble LD_LIBRARY_PATH=/workspaces/isaac_ros-dev/ros2/src/install/qcar2_interfaces/lib:${LD_LIBRARY_PATH} PYTHONPATH=/workspaces/isaac_ros-dev/ros2/src/install/qcar2_interfaces/lib/python3.8/site-packages:${PYTHONPATH} _=/usr/bin/env /usr/bin/cmake --install /workspaces/isaac_ros-dev/ros2/src/build/qcar2_nodes
[12.040s] -- Install configuration: ""
[12.040s] -- Installing: /workspaces/isaac_ros-dev/ros2/src/install/qcar2_nodes/share/qcar2_nodes/environment/pythonpath.sh
[12.040s] -- Installing: /workspaces/isaac_ros-dev/ros2/src/install/qcar2_nodes/share/qcar2_nodes/environment/pythonpath.dsv
[12.040s] -- Installing: /workspaces/isaac_ros-dev/ros2/src/install/qcar2_nodes/lib/python3.8/site-packages/qcar2_nodes-0.0.0-py3.8.egg-info
[12.040s] -- Installing: /workspaces/isaac_ros-dev/ros2/src/install/qcar2_nodes/lib/python3.8/site-packages/qcar2_nodes-0.0.0-py3.8.egg-info/dependency_links.txt
[12.040s] -- Installing: /workspaces/isaac_ros-dev/ros2/src/install/qcar2_nodes/lib/python3.8/site-packages/qcar2_nodes-0.0.0-py3.8.egg-info/SOURCES.txt
[12.040s] -- Installing: /workspaces/isaac_ros-dev/ros2/src/install/qcar2_nodes/lib/python3.8/site-packages/qcar2_nodes-0.0.0-py3.8.egg-info/PKG-INFO
[12.040s] -- Installing: /workspaces/isaac_ros-dev/ros2/src/install/qcar2_nodes/lib/python3.8/site-packages/qcar2_nodes-0.0.0-py3.8.egg-info/top_level.txt
[12.040s] -- Installing: /workspaces/isaac_ros-dev/ros2/src/install/qcar2_nodes/lib/python3.8/site-packages/qcar2_nodes
[12.040s] -- Installing: /workspaces/isaac_ros-dev/ros2/src/install/qcar2_nodes/lib/python3.8/site-packages/qcar2_nodes/__init__.py
[12.066s] Listing '/workspaces/isaac_ros-dev/ros2/src/install/qcar2_nodes/lib/python3.8/site-packages/qcar2_nodes'...
[12.066s] Compiling '/workspaces/isaac_ros-dev/ros2/src/install/qcar2_nodes/lib/python3.8/site-packages/qcar2_nodes/__init__.py'...
[12.069s] -- Installing: /workspaces/isaac_ros-dev/ros2/src/install/qcar2_nodes/lib/qcar2_nodes/scan_match.py
[12.069s] -- Installing: /workspaces/isaac_ros-dev/ros2/src/install/qcar2_nodes/lib/qcar2_nodes/ekf_fusor.py
[12.069s] -- Installing: /workspaces/isaac_ros-dev/ros2/src/install/qcar2_nodes/lib/qcar2_nodes/wheel_odom.py
[12.069s] -- Installing: /workspaces/isaac_ros-dev/ros2/src/install/qcar2_nodes/lib/qcar2_nodes/qcar2_hardware
[12.074s] -- Set runtime path of "/workspaces/isaac_ros-dev/ros2/src/install/qcar2_nodes/lib/qcar2_nodes/qcar2_hardware" to ""
[12.074s] -- Installing: /workspaces/isaac_ros-dev/ros2/src/install/qcar2_nodes/lib/qcar2_nodes/rgbd
[12.074s] -- Set runtime path of "/workspaces/isaac_ros-dev/ros2/src/install/qcar2_nodes/lib/qcar2_nodes/rgbd" to ""
[12.074s] -- Installing: /workspaces/isaac_ros-dev/ros2/src/install/qcar2_nodes/lib/qcar2_nodes/lidar
[12.075s] -- Set runtime path of "/workspaces/isaac_ros-dev/ros2/src/install/qcar2_nodes/lib/qcar2_nodes/lidar" to ""
[12.075s] -- Installing: /workspaces/isaac_ros-dev/ros2/src/install/qcar2_nodes/lib/qcar2_nodes/csi
[12.075s] -- Set runtime path of "/workspaces/isaac_ros-dev/ros2/src/install/qcar2_nodes/lib/qcar2_nodes/csi" to ""
[12.075s] -- Installing: /workspaces/isaac_ros-dev/ros2/src/install/qcar2_nodes/lib/qcar2_nodes/command
[12.076s] -- Set runtime path of "/workspaces/isaac_ros-dev/ros2/src/install/qcar2_nodes/lib/qcar2_nodes/command" to ""
[12.076s] -- Installing: /workspaces/isaac_ros-dev/ros2/src/install/qcar2_nodes/lib/qcar2_nodes/nav2_qcar2_converter
[12.079s] -- Set runtime path of "/workspaces/isaac_ros-dev/ros2/src/install/qcar2_nodes/lib/qcar2_nodes/nav2_qcar2_converter" to ""
[12.079s] -- Installing: /workspaces/isaac_ros-dev/ros2/src/install/qcar2_nodes/lib/qcar2_nodes/fixed_lidar_frame
[12.080s] -- Set runtime path of "/workspaces/isaac_ros-dev/ros2/src/install/qcar2_nodes/lib/qcar2_nodes/fixed_lidar_frame" to ""
[12.080s] -- Installing: /workspaces/isaac_ros-dev/ros2/src/install/qcar2_nodes/lib/qcar2_nodes/fixed_lidar_frame_virtual
[12.081s] -- Set runtime path of "/workspaces/isaac_ros-dev/ros2/src/install/qcar2_nodes/lib/qcar2_nodes/fixed_lidar_frame_virtual" to ""
[12.081s] -- Installing: /workspaces/isaac_ros-dev/ros2/src/install/qcar2_nodes/share/qcar2_nodes//launch
[12.081s] -- Installing: /workspaces/isaac_ros-dev/ros2/src/install/qcar2_nodes/share/qcar2_nodes//launch/qcar2_slam_and_nav_bringup_virtual_launch.py
[12.081s] -- Installing: /workspaces/isaac_ros-dev/ros2/src/install/qcar2_nodes/share/qcar2_nodes//launch/qcar2_cartographer_launch.py
[12.081s] -- Installing: /workspaces/isaac_ros-dev/ros2/src/install/qcar2_nodes/share/qcar2_nodes//launch/qcar2_virtual_launch.py
[12.081s] -- Installing: /workspaces/isaac_ros-dev/ros2/src/install/qcar2_nodes/share/qcar2_nodes//launch/qcar2_slam_and_nav_bringup_launch.py
[12.081s] -- Installing: /workspaces/isaac_ros-dev/ros2/src/install/qcar2_nodes/share/qcar2_nodes//launch/qcar2_cartographer_virtual_launch.py
[12.081s] -- Installing: /workspaces/isaac_ros-dev/ros2/src/install/qcar2_nodes/share/qcar2_nodes//launch/qcar2_manual_drive_launch.py
[12.081s] -- Installing: /workspaces/isaac_ros-dev/ros2/src/install/qcar2_nodes/share/qcar2_nodes//launch/qcar2_scan_match_launch.py
[12.081s] -- Installing: /workspaces/isaac_ros-dev/ros2/src/install/qcar2_nodes/share/qcar2_nodes//launch/qcar2_launch.py
[12.081s] -- Installing: /workspaces/isaac_ros-dev/ros2/src/install/qcar2_nodes/share/qcar2_nodes//launch/qcar2_manual_cartographer_launch.py
[12.081s] -- Installing: /workspaces/isaac_ros-dev/ros2/src/install/qcar2_nodes/share/qcar2_nodes//rt_models
[12.081s] -- Installing: /workspaces/isaac_ros-dev/ros2/src/install/qcar2_nodes/share/qcar2_nodes//rt_models/dummy_model
[12.081s] -- Installing: /workspaces/isaac_ros-dev/ros2/src/install/qcar2_nodes/share/qcar2_nodes//config
[12.081s] -- Installing: /workspaces/isaac_ros-dev/ros2/src/install/qcar2_nodes/share/qcar2_nodes//config/qcar2_slam_and_nav_virtual.yaml
[12.089s] -- Installing: /workspaces/isaac_ros-dev/ros2/src/install/qcar2_nodes/share/qcar2_nodes//config/qcar2_2d.lua
[12.089s] -- Installing: /workspaces/isaac_ros-dev/ros2/src/install/qcar2_nodes/share/qcar2_nodes//config/qcar2_slam_and_nav.yaml
[12.089s] -- Installing: /workspaces/isaac_ros-dev/ros2/src/install/qcar2_nodes/share/ament_index/resource_index/package_run_dependencies/qcar2_nodes
[12.089s] -- Installing: /workspaces/isaac_ros-dev/ros2/src/install/qcar2_nodes/share/ament_index/resource_index/parent_prefix_path/qcar2_nodes
[12.089s] -- Installing: /workspaces/isaac_ros-dev/ros2/src/install/qcar2_nodes/share/qcar2_nodes/environment/ament_prefix_path.sh
[12.089s] -- Installing: /workspaces/isaac_ros-dev/ros2/src/install/qcar2_nodes/share/qcar2_nodes/environment/ament_prefix_path.dsv
[12.089s] -- Installing: /workspaces/isaac_ros-dev/ros2/src/install/qcar2_nodes/share/qcar2_nodes/environment/path.sh
[12.089s] -- Installing: /workspaces/isaac_ros-dev/ros2/src/install/qcar2_nodes/share/qcar2_nodes/environment/path.dsv
[12.089s] -- Installing: /workspaces/isaac_ros-dev/ros2/src/install/qcar2_nodes/share/qcar2_nodes/local_setup.bash
[12.089s] -- Installing: /workspaces/isaac_ros-dev/ros2/src/install/qcar2_nodes/share/qcar2_nodes/local_setup.sh
[12.089s] -- Installing: /workspaces/isaac_ros-dev/ros2/src/install/qcar2_nodes/share/qcar2_nodes/local_setup.zsh
[12.089s] -- Installing: /workspaces/isaac_ros-dev/ros2/src/install/qcar2_nodes/share/qcar2_nodes/local_setup.dsv
[12.089s] -- Installing: /workspaces/isaac_ros-dev/ros2/src/install/qcar2_nodes/share/qcar2_nodes/package.dsv
[12.089s] -- Installing: /workspaces/isaac_ros-dev/ros2/src/install/qcar2_nodes/share/ament_index/resource_index/packages/qcar2_nodes
[12.090s] -- Installing: /workspaces/isaac_ros-dev/ros2/src/install/qcar2_nodes/share/qcar2_nodes/cmake/qcar2_nodesConfig.cmake
[12.090s] -- Installing: /workspaces/isaac_ros-dev/ros2/src/install/qcar2_nodes/share/qcar2_nodes/cmake/qcar2_nodesConfig-version.cmake
[12.090s] -- Installing: /workspaces/isaac_ros-dev/ros2/src/install/qcar2_nodes/share/qcar2_nodes/package.xml
[12.091s] Invoked command in '/workspaces/isaac_ros-dev/ros2/src/build/qcar2_nodes' returned '0': AMENT_PREFIX_PATH=/workspaces/isaac_ros-dev/ros2/src/install/qcar2_interfaces:${AMENT_PREFIX_PATH} CMAKE_PREFIX_PATH=/workspaces/isaac_ros-dev/ros2/src/install/qcar2_interfaces:/workspaces/isaac_ros-dev/install/qcar2_nodes:/workspaces/isaac_ros-dev/install/qcar2_interfaces:/workspace/cartographer_ws/install/perception_pcl:/workspace/cartographer_ws/install/pcl_ros:/workspace/cartographer_ws/install/cartographer_rviz:/workspace/cartographer_ws/install/cartographer_ros:/workspace/cartographer_ws/install/pcl_conversions:/workspace/cartographer_ws/install/pcl_msgs:/workspace/cartographer_ws/install/isaac_ros_tensor_list_interfaces:/workspace/cartographer_ws/install/isaac_ros_pointcloud_interfaces:/workspace/cartographer_ws/install/isaac_ros_nova_interfaces:/workspace/cartographer_ws/install/isaac_ros_nitros_bridge_interfaces:/workspace/cartographer_ws/install/isaac_ros_common:/workspace/cartographer_ws/install/isaac_ros_bi3d_interfaces:/workspace/cartographer_ws/install/isaac_ros_apriltag_interfaces:/workspace/cartographer_ws/install/control_msgs:/workspace/cartographer_ws/install/cartographer_ros_msgs:/workspace/cartographer_ws/install/cartographer:/workspace/cartographer_ws/install/absl:/workspaces/isaac_ros-dev/install/qcar2_autonomy:/workspace/cartographer_ws/install/isaac_ros_test:/opt/ros/humble LD_LIBRARY_PATH=/workspaces/isaac_ros-dev/ros2/src/install/qcar2_interfaces/lib:${LD_LIBRARY_PATH} PYTHONPATH=/workspaces/isaac_ros-dev/ros2/src/install/qcar2_interfaces/lib/python3.8/site-packages:${PYTHONPATH} _=/usr/bin/env /usr/bin/cmake --install /workspaces/isaac_ros-dev/ros2/src/build/qcar2_nodes
