[0.247s] Invoking command in '/workspaces/isaac_ros-dev/build/qcar2_nodes': AMENT_PREFIX_PATH=/workspaces/isaac_ros-dev/install/qcar2_interfaces:${AMENT_PREFIX_PATH} CMAKE_PREFIX_PATH=/workspaces/isaac_ros-dev/install/qcar2_interfaces:/workspace/cartographer_ws/install/perception_pcl:/workspace/cartographer_ws/install/pcl_ros:/workspace/cartographer_ws/install/cartographer_rviz:/workspace/cartographer_ws/install/cartographer_ros:/workspace/cartographer_ws/install/pcl_conversions:/workspace/cartographer_ws/install/pcl_msgs:/workspace/cartographer_ws/install/isaac_ros_tensor_list_interfaces:/workspace/cartographer_ws/install/isaac_ros_pointcloud_interfaces:/workspace/cartographer_ws/install/isaac_ros_nova_interfaces:/workspace/cartographer_ws/install/isaac_ros_nitros_bridge_interfaces:/workspace/cartographer_ws/install/isaac_ros_common:/workspace/cartographer_ws/install/isaac_ros_bi3d_interfaces:/workspace/cartographer_ws/install/isaac_ros_apriltag_interfaces:/workspace/cartographer_ws/install/control_msgs:/workspace/cartographer_ws/install/cartographer_ros_msgs:/workspace/cartographer_ws/install/cartographer:/workspace/cartographer_ws/install/absl:/workspace/cartographer_ws/install/isaac_ros_test:/opt/ros/humble LD_LIBRARY_PATH=/workspaces/isaac_ros-dev/install/qcar2_interfaces/lib:${LD_LIBRARY_PATH} PYTHONPATH=/workspaces/isaac_ros-dev/install/qcar2_interfaces/lib/python3.8/site-packages:${PYTHONPATH} /usr/bin/cmake /workspaces/isaac_ros-dev/ros2/src/qcar2_nodes -DCMAKE_INSTALL_PREFIX=/workspaces/isaac_ros-dev/install/qcar2_nodes
[0.281s] -- The C compiler identification is GNU 9.4.0
[0.317s] -- The CXX compiler identification is GNU 9.4.0
[0.321s] -- Detecting C compiler ABI info
[0.359s] -- Detecting C compiler ABI info - done
[0.362s] -- Check for working C compiler: /usr/bin/cc - skipped
[0.362s] -- Detecting C compile features
[0.363s] -- Detecting C compile features - done
[0.364s] -- Detecting CXX compiler ABI info
[0.407s] -- Detecting CXX compiler ABI info - done
[0.411s] -- Check for working CXX compiler: /usr/bin/c++ - skipped
[0.411s] -- Detecting CXX compile features
[0.411s] -- Detecting CXX compile features - done
[0.414s] -- Found ament_cmake: 1.3.5 (/opt/ros/humble/share/ament_cmake/cmake)
[0.848s] -- Found Python3: /usr/bin/python3.8 (found version "3.8.10") found components: Interpreter 
[0.909s] -- Found cv_bridge: 3.2.1 (/opt/ros/humble/share/cv_bridge/cmake)
[0.947s] -- Found rosidl_generator_c: 3.1.5 (/opt/ros/humble/share/rosidl_generator_c/cmake)
[0.951s] -- Found rosidl_adapter: 3.1.5 (/opt/ros/humble/share/rosidl_adapter/cmake)
[0.956s] -- Found rosidl_generator_cpp: 3.1.5 (/opt/ros/humble/share/rosidl_generator_cpp/cmake)
[0.964s] -- Using all available rosidl_typesupport_c: rosidl_typesupport_fastrtps_c;rosidl_typesupport_introspection_c
[0.975s] -- Using all available rosidl_typesupport_cpp: rosidl_typesupport_fastrtps_cpp;rosidl_typesupport_introspection_cpp
[1.096s] -- Found image_transport: 3.1.7 (/opt/ros/humble/share/image_transport/cmake)
[1.144s] -- Found rmw_implementation_cmake: 6.1.1 (/opt/ros/humble/share/rmw_implementation_cmake/cmake)
[1.146s] -- Found rmw_fastrtps_cpp: 6.2.4 (/opt/ros/humble/share/rmw_fastrtps_cpp/cmake)
[1.245s] -- Found OpenSSL: /usr/lib/x86_64-linux-gnu/libcrypto.so (found version "1.1.1f")  
[1.275s] -- Found FastRTPS: /opt/ros/humble/include  
[1.318s] -- Using RMW implementation 'rmw_fastrtps_cpp' as default
[1.329s] -- Looking for pthread.h
[1.370s] -- Looking for pthread.h - found
[1.370s] -- Performing Test CMAKE_HAVE_LIBC_PTHREAD
[1.411s] -- Performing Test CMAKE_HAVE_LIBC_PTHREAD - Failed
[1.411s] -- Looking for pthread_create in pthreads
[1.446s] -- Looking for pthread_create in pthreads - not found
[1.446s] -- Looking for pthread_create in pthread
[1.485s] -- Looking for pthread_create in pthread - found
[1.485s] -- Found Threads: TRUE  
[1.605s] -- Found OpenCV: /usr (found version "4.2.0") found components: highgui imgcodecs imgproc videoio 
[1.607s] -- Found rclpy: 3.3.10 (/opt/ros/humble/share/rclpy/cmake)
[1.608s] -- Found nav_msgs: 4.2.3 (/opt/ros/humble/share/nav_msgs/cmake)
[1.650s] -- Found action_msgs: 1.2.1 (/opt/ros/humble/share/action_msgs/cmake)
[1.683s] -- Found control_msgs: 4.9.0 (/workspace/cartographer_ws/install/control_msgs/share/control_msgs/cmake)
[1.810s] -- Found qcar2_interfaces: 0.0.0 (/workspaces/isaac_ros-dev/install/qcar2_interfaces/share/qcar2_interfaces/cmake)
[1.819s] -- Found tf2_ros: 0.25.4 (/opt/ros/humble/share/tf2_ros/cmake)
[2.017s] -- Found ament_lint_auto: 0.12.8 (/opt/ros/humble/share/ament_lint_auto/cmake)
[2.068s] -- Added test 'cppcheck' to perform static code analysis on C / C++ code
[2.069s] -- Configured cppcheck include dirs: 
[2.069s] -- Configured cppcheck exclude dirs and/or files: 
[2.069s] -- Added test 'flake8' to check Python code syntax and style conventions
[2.070s] -- Added test 'lint_cmake' to check CMake code style
[2.070s] -- Added test 'pep257' to check Python code against some of the docstring style conventions in PEP 257
[2.071s] -- Added test 'uncrustify' to check C / C++ code style
[2.071s] -- Configured uncrustify additional arguments: 
[2.071s] -- Added test 'xmllint' to check XML markup files
[2.072s] -- Configuring done
[2.095s] -- Generating done
[2.097s] -- Build files have been written to: /workspaces/isaac_ros-dev/build/qcar2_nodes
[2.105s] Invoked command in '/workspaces/isaac_ros-dev/build/qcar2_nodes' returned '0': AMENT_PREFIX_PATH=/workspaces/isaac_ros-dev/install/qcar2_interfaces:${AMENT_PREFIX_PATH} CMAKE_PREFIX_PATH=/workspaces/isaac_ros-dev/install/qcar2_interfaces:/workspace/cartographer_ws/install/perception_pcl:/workspace/cartographer_ws/install/pcl_ros:/workspace/cartographer_ws/install/cartographer_rviz:/workspace/cartographer_ws/install/cartographer_ros:/workspace/cartographer_ws/install/pcl_conversions:/workspace/cartographer_ws/install/pcl_msgs:/workspace/cartographer_ws/install/isaac_ros_tensor_list_interfaces:/workspace/cartographer_ws/install/isaac_ros_pointcloud_interfaces:/workspace/cartographer_ws/install/isaac_ros_nova_interfaces:/workspace/cartographer_ws/install/isaac_ros_nitros_bridge_interfaces:/workspace/cartographer_ws/install/isaac_ros_common:/workspace/cartographer_ws/install/isaac_ros_bi3d_interfaces:/workspace/cartographer_ws/install/isaac_ros_apriltag_interfaces:/workspace/cartographer_ws/install/control_msgs:/workspace/cartographer_ws/install/cartographer_ros_msgs:/workspace/cartographer_ws/install/cartographer:/workspace/cartographer_ws/install/absl:/workspace/cartographer_ws/install/isaac_ros_test:/opt/ros/humble LD_LIBRARY_PATH=/workspaces/isaac_ros-dev/install/qcar2_interfaces/lib:${LD_LIBRARY_PATH} PYTHONPATH=/workspaces/isaac_ros-dev/install/qcar2_interfaces/lib/python3.8/site-packages:${PYTHONPATH} /usr/bin/cmake /workspaces/isaac_ros-dev/ros2/src/qcar2_nodes -DCMAKE_INSTALL_PREFIX=/workspaces/isaac_ros-dev/install/qcar2_nodes
[2.108s] Invoking command in '/workspaces/isaac_ros-dev/build/qcar2_nodes': AMENT_PREFIX_PATH=/workspaces/isaac_ros-dev/install/qcar2_interfaces:${AMENT_PREFIX_PATH} CMAKE_PREFIX_PATH=/workspaces/isaac_ros-dev/install/qcar2_interfaces:/workspace/cartographer_ws/install/perception_pcl:/workspace/cartographer_ws/install/pcl_ros:/workspace/cartographer_ws/install/cartographer_rviz:/workspace/cartographer_ws/install/cartographer_ros:/workspace/cartographer_ws/install/pcl_conversions:/workspace/cartographer_ws/install/pcl_msgs:/workspace/cartographer_ws/install/isaac_ros_tensor_list_interfaces:/workspace/cartographer_ws/install/isaac_ros_pointcloud_interfaces:/workspace/cartographer_ws/install/isaac_ros_nova_interfaces:/workspace/cartographer_ws/install/isaac_ros_nitros_bridge_interfaces:/workspace/cartographer_ws/install/isaac_ros_common:/workspace/cartographer_ws/install/isaac_ros_bi3d_interfaces:/workspace/cartographer_ws/install/isaac_ros_apriltag_interfaces:/workspace/cartographer_ws/install/control_msgs:/workspace/cartographer_ws/install/cartographer_ros_msgs:/workspace/cartographer_ws/install/cartographer:/workspace/cartographer_ws/install/absl:/workspace/cartographer_ws/install/isaac_ros_test:/opt/ros/humble LD_LIBRARY_PATH=/workspaces/isaac_ros-dev/install/qcar2_interfaces/lib:${LD_LIBRARY_PATH} PYTHONPATH=/workspaces/isaac_ros-dev/install/qcar2_interfaces/lib/python3.8/site-packages:${PYTHONPATH} /usr/bin/cmake --build /workspaces/isaac_ros-dev/build/qcar2_nodes -- -j24 -l24
[2.131s] [ 12%] [32mBuilding CXX object CMakeFiles/command.dir/src/command.cpp.o[0m
[2.131s] [ 12%] [32mBuilding CXX object CMakeFiles/qcar2_hardware.dir/src/qcar2_hardware.cpp.o[0m
[2.131s] [ 18%] [32mBuilding CXX object CMakeFiles/fixed_lidar_frame.dir/src/fixed_lidar_frame.cpp.o[0m
[2.131s] [ 31%] [32mBuilding CXX object CMakeFiles/csi.dir/src/csi.cpp.o[0m
[2.132s] [ 31%] [32mBuilding CXX object CMakeFiles/rgbd.dir/src/rgbd.cpp.o[0m
[2.132s] [ 37%] [32mBuilding CXX object CMakeFiles/lidar.dir/src/lidar.cpp.o[0m
[2.132s] [ 50%] [32mBuilding CXX object CMakeFiles/nav2_qcar2_converter.dir/src/nav2_qcar_command_convert.cpp.o[0m
[2.132s] [ 50%] [32mBuilding CXX object CMakeFiles/fixed_lidar_frame_virtual.dir/src/fixed_lidar_frame_virtual.cpp.o[0m
[2.134s] [ 50%] Built target ament_cmake_python_copy_qcar2_nodes
[2.316s] running egg_info
[2.316s] creating qcar2_nodes.egg-info
[2.321s] writing qcar2_nodes.egg-info/PKG-INFO
[2.322s] writing dependency_links to qcar2_nodes.egg-info/dependency_links.txt
[2.322s] writing top-level names to qcar2_nodes.egg-info/top_level.txt
[2.322s] writing manifest file 'qcar2_nodes.egg-info/SOURCES.txt'
[2.337s] reading manifest file 'qcar2_nodes.egg-info/SOURCES.txt'
[2.337s] writing manifest file 'qcar2_nodes.egg-info/SOURCES.txt'
[2.363s] [ 50%] Built target ament_cmake_python_build_qcar2_nodes_egg
[4.035s] [ 56%] [32m[1mLinking CXX executable csi[0m
[4.494s] [ 56%] Built target csi
[4.652s] [ 62%] [32m[1mLinking CXX executable lidar[0m
[4.759s] [ 68%] [32m[1mLinking CXX executable fixed_lidar_frame[0m
[4.803s] [ 68%] Built target lidar
[4.882s] [ 75%] [32m[1mLinking CXX executable rgbd[0m
[4.914s] [ 75%] Built target fixed_lidar_frame
[5.497s] [ 75%] Built target rgbd
[5.695s] [ 81%] [32m[1mLinking CXX executable fixed_lidar_frame_virtual[0m
[5.717s] [ 87%] [32m[1mLinking CXX executable command[0m
[5.843s] [ 87%] Built target fixed_lidar_frame_virtual
[5.848s] [ 87%] Built target command
[7.690s] [ 93%] [32m[1mLinking CXX executable nav2_qcar2_converter[0m
[7.968s] [ 93%] Built target nav2_qcar2_converter
[10.328s] [100%] [32m[1mLinking CXX executable qcar2_hardware[0m
[10.749s] [100%] Built target qcar2_hardware
[10.760s] Invoked command in '/workspaces/isaac_ros-dev/build/qcar2_nodes' returned '0': AMENT_PREFIX_PATH=/workspaces/isaac_ros-dev/install/qcar2_interfaces:${AMENT_PREFIX_PATH} CMAKE_PREFIX_PATH=/workspaces/isaac_ros-dev/install/qcar2_interfaces:/workspace/cartographer_ws/install/perception_pcl:/workspace/cartographer_ws/install/pcl_ros:/workspace/cartographer_ws/install/cartographer_rviz:/workspace/cartographer_ws/install/cartographer_ros:/workspace/cartographer_ws/install/pcl_conversions:/workspace/cartographer_ws/install/pcl_msgs:/workspace/cartographer_ws/install/isaac_ros_tensor_list_interfaces:/workspace/cartographer_ws/install/isaac_ros_pointcloud_interfaces:/workspace/cartographer_ws/install/isaac_ros_nova_interfaces:/workspace/cartographer_ws/install/isaac_ros_nitros_bridge_interfaces:/workspace/cartographer_ws/install/isaac_ros_common:/workspace/cartographer_ws/install/isaac_ros_bi3d_interfaces:/workspace/cartographer_ws/install/isaac_ros_apriltag_interfaces:/workspace/cartographer_ws/install/control_msgs:/workspace/cartographer_ws/install/cartographer_ros_msgs:/workspace/cartographer_ws/install/cartographer:/workspace/cartographer_ws/install/absl:/workspace/cartographer_ws/install/isaac_ros_test:/opt/ros/humble LD_LIBRARY_PATH=/workspaces/isaac_ros-dev/install/qcar2_interfaces/lib:${LD_LIBRARY_PATH} PYTHONPATH=/workspaces/isaac_ros-dev/install/qcar2_interfaces/lib/python3.8/site-packages:${PYTHONPATH} /usr/bin/cmake --build /workspaces/isaac_ros-dev/build/qcar2_nodes -- -j24 -l24
[10.812s] Invoking command in '/workspaces/isaac_ros-dev/build/qcar2_nodes': AMENT_PREFIX_PATH=/workspaces/isaac_ros-dev/install/qcar2_interfaces:${AMENT_PREFIX_PATH} CMAKE_PREFIX_PATH=/workspaces/isaac_ros-dev/install/qcar2_interfaces:/workspace/cartographer_ws/install/perception_pcl:/workspace/cartographer_ws/install/pcl_ros:/workspace/cartographer_ws/install/cartographer_rviz:/workspace/cartographer_ws/install/cartographer_ros:/workspace/cartographer_ws/install/pcl_conversions:/workspace/cartographer_ws/install/pcl_msgs:/workspace/cartographer_ws/install/isaac_ros_tensor_list_interfaces:/workspace/cartographer_ws/install/isaac_ros_pointcloud_interfaces:/workspace/cartographer_ws/install/isaac_ros_nova_interfaces:/workspace/cartographer_ws/install/isaac_ros_nitros_bridge_interfaces:/workspace/cartographer_ws/install/isaac_ros_common:/workspace/cartographer_ws/install/isaac_ros_bi3d_interfaces:/workspace/cartographer_ws/install/isaac_ros_apriltag_interfaces:/workspace/cartographer_ws/install/control_msgs:/workspace/cartographer_ws/install/cartographer_ros_msgs:/workspace/cartographer_ws/install/cartographer:/workspace/cartographer_ws/install/absl:/workspace/cartographer_ws/install/isaac_ros_test:/opt/ros/humble LD_LIBRARY_PATH=/workspaces/isaac_ros-dev/install/qcar2_interfaces/lib:${LD_LIBRARY_PATH} PYTHONPATH=/workspaces/isaac_ros-dev/install/qcar2_interfaces/lib/python3.8/site-packages:${PYTHONPATH} /usr/bin/cmake --install /workspaces/isaac_ros-dev/build/qcar2_nodes
[10.815s] -- Install configuration: ""
[10.815s] -- Installing: /workspaces/isaac_ros-dev/install/qcar2_nodes/share/qcar2_nodes/environment/pythonpath.sh
[10.815s] -- Installing: /workspaces/isaac_ros-dev/install/qcar2_nodes/share/qcar2_nodes/environment/pythonpath.dsv
[10.815s] -- Installing: /workspaces/isaac_ros-dev/install/qcar2_nodes/lib/python3.8/site-packages/qcar2_nodes-0.0.0-py3.8.egg-info
[10.815s] -- Installing: /workspaces/isaac_ros-dev/install/qcar2_nodes/lib/python3.8/site-packages/qcar2_nodes-0.0.0-py3.8.egg-info/dependency_links.txt
[10.815s] -- Installing: /workspaces/isaac_ros-dev/install/qcar2_nodes/lib/python3.8/site-packages/qcar2_nodes-0.0.0-py3.8.egg-info/SOURCES.txt
[10.815s] -- Installing: /workspaces/isaac_ros-dev/install/qcar2_nodes/lib/python3.8/site-packages/qcar2_nodes-0.0.0-py3.8.egg-info/PKG-INFO
[10.815s] -- Installing: /workspaces/isaac_ros-dev/install/qcar2_nodes/lib/python3.8/site-packages/qcar2_nodes-0.0.0-py3.8.egg-info/top_level.txt
[10.815s] -- Installing: /workspaces/isaac_ros-dev/install/qcar2_nodes/lib/python3.8/site-packages/qcar2_nodes
[10.816s] -- Installing: /workspaces/isaac_ros-dev/install/qcar2_nodes/lib/python3.8/site-packages/qcar2_nodes/__init__.py
[10.838s] Listing '/workspaces/isaac_ros-dev/install/qcar2_nodes/lib/python3.8/site-packages/qcar2_nodes'...
[10.838s] Compiling '/workspaces/isaac_ros-dev/install/qcar2_nodes/lib/python3.8/site-packages/qcar2_nodes/__init__.py'...
[10.840s] -- Installing: /workspaces/isaac_ros-dev/install/qcar2_nodes/lib/qcar2_nodes/scan_match.py
[10.840s] -- Installing: /workspaces/isaac_ros-dev/install/qcar2_nodes/lib/qcar2_nodes/ekf_fusor.py
[10.840s] -- Installing: /workspaces/isaac_ros-dev/install/qcar2_nodes/lib/qcar2_nodes/qcar2_hardware
[10.844s] -- Set runtime path of "/workspaces/isaac_ros-dev/install/qcar2_nodes/lib/qcar2_nodes/qcar2_hardware" to ""
[10.844s] -- Installing: /workspaces/isaac_ros-dev/install/qcar2_nodes/lib/qcar2_nodes/rgbd
[10.844s] -- Set runtime path of "/workspaces/isaac_ros-dev/install/qcar2_nodes/lib/qcar2_nodes/rgbd" to ""
[10.844s] -- Installing: /workspaces/isaac_ros-dev/install/qcar2_nodes/lib/qcar2_nodes/lidar
[10.845s] -- Set runtime path of "/workspaces/isaac_ros-dev/install/qcar2_nodes/lib/qcar2_nodes/lidar" to ""
[10.845s] -- Installing: /workspaces/isaac_ros-dev/install/qcar2_nodes/lib/qcar2_nodes/csi
[10.845s] -- Set runtime path of "/workspaces/isaac_ros-dev/install/qcar2_nodes/lib/qcar2_nodes/csi" to ""
[10.846s] -- Installing: /workspaces/isaac_ros-dev/install/qcar2_nodes/lib/qcar2_nodes/command
[10.846s] -- Set runtime path of "/workspaces/isaac_ros-dev/install/qcar2_nodes/lib/qcar2_nodes/command" to ""
[10.846s] -- Installing: /workspaces/isaac_ros-dev/install/qcar2_nodes/lib/qcar2_nodes/nav2_qcar2_converter
[10.849s] -- Set runtime path of "/workspaces/isaac_ros-dev/install/qcar2_nodes/lib/qcar2_nodes/nav2_qcar2_converter" to ""
[10.849s] -- Installing: /workspaces/isaac_ros-dev/install/qcar2_nodes/lib/qcar2_nodes/fixed_lidar_frame
[10.849s] -- Set runtime path of "/workspaces/isaac_ros-dev/install/qcar2_nodes/lib/qcar2_nodes/fixed_lidar_frame" to ""
[10.849s] -- Installing: /workspaces/isaac_ros-dev/install/qcar2_nodes/lib/qcar2_nodes/fixed_lidar_frame_virtual
[10.851s] -- Set runtime path of "/workspaces/isaac_ros-dev/install/qcar2_nodes/lib/qcar2_nodes/fixed_lidar_frame_virtual" to ""
[10.851s] -- Installing: /workspaces/isaac_ros-dev/install/qcar2_nodes/share/qcar2_nodes//launch
[10.851s] -- Installing: /workspaces/isaac_ros-dev/install/qcar2_nodes/share/qcar2_nodes//launch/qcar2_slam_and_nav_bringup_virtual_launch.py
[10.851s] -- Installing: /workspaces/isaac_ros-dev/install/qcar2_nodes/share/qcar2_nodes//launch/qcar2_cartographer_launch.py
[10.851s] -- Installing: /workspaces/isaac_ros-dev/install/qcar2_nodes/share/qcar2_nodes//launch/qcar2_virtual_launch.py
[10.851s] -- Installing: /workspaces/isaac_ros-dev/install/qcar2_nodes/share/qcar2_nodes//launch/qcar2_slam_and_nav_bringup_launch.py
[10.851s] -- Installing: /workspaces/isaac_ros-dev/install/qcar2_nodes/share/qcar2_nodes//launch/qcar2_cartographer_virtual_launch.py
[10.851s] -- Installing: /workspaces/isaac_ros-dev/install/qcar2_nodes/share/qcar2_nodes//launch/qcar2_manual_drive_launch.py
[10.851s] -- Installing: /workspaces/isaac_ros-dev/install/qcar2_nodes/share/qcar2_nodes//launch/qcar2_scan_match_launch.py
[10.851s] -- Installing: /workspaces/isaac_ros-dev/install/qcar2_nodes/share/qcar2_nodes//launch/qcar2_launch.py
[10.851s] -- Installing: /workspaces/isaac_ros-dev/install/qcar2_nodes/share/qcar2_nodes//launch/qcar2_manual_cartographer_launch.py
[10.851s] -- Installing: /workspaces/isaac_ros-dev/install/qcar2_nodes/share/qcar2_nodes//rt_models
[10.851s] -- Installing: /workspaces/isaac_ros-dev/install/qcar2_nodes/share/qcar2_nodes//rt_models/dummy_model
[10.851s] -- Installing: /workspaces/isaac_ros-dev/install/qcar2_nodes/share/qcar2_nodes//config
[10.851s] -- Installing: /workspaces/isaac_ros-dev/install/qcar2_nodes/share/qcar2_nodes//config/qcar2_slam_and_nav_virtual.yaml
[10.851s] -- Installing: /workspaces/isaac_ros-dev/install/qcar2_nodes/share/qcar2_nodes//config/qcar2_2d.lua
[10.851s] -- Installing: /workspaces/isaac_ros-dev/install/qcar2_nodes/share/qcar2_nodes//config/qcar2_slam_and_nav.yaml
[10.851s] -- Installing: /workspaces/isaac_ros-dev/install/qcar2_nodes/share/ament_index/resource_index/package_run_dependencies/qcar2_nodes
[10.851s] -- Installing: /workspaces/isaac_ros-dev/install/qcar2_nodes/share/ament_index/resource_index/parent_prefix_path/qcar2_nodes
[10.851s] -- Installing: /workspaces/isaac_ros-dev/install/qcar2_nodes/share/qcar2_nodes/environment/ament_prefix_path.sh
[10.851s] -- Installing: /workspaces/isaac_ros-dev/install/qcar2_nodes/share/qcar2_nodes/environment/ament_prefix_path.dsv
[10.851s] -- Installing: /workspaces/isaac_ros-dev/install/qcar2_nodes/share/qcar2_nodes/environment/path.sh
[10.851s] -- Installing: /workspaces/isaac_ros-dev/install/qcar2_nodes/share/qcar2_nodes/environment/path.dsv
[10.851s] -- Installing: /workspaces/isaac_ros-dev/install/qcar2_nodes/share/qcar2_nodes/local_setup.bash
[10.851s] -- Installing: /workspaces/isaac_ros-dev/install/qcar2_nodes/share/qcar2_nodes/local_setup.sh
[10.851s] -- Installing: /workspaces/isaac_ros-dev/install/qcar2_nodes/share/qcar2_nodes/local_setup.zsh
[10.851s] -- Installing: /workspaces/isaac_ros-dev/install/qcar2_nodes/share/qcar2_nodes/local_setup.dsv
[10.851s] -- Installing: /workspaces/isaac_ros-dev/install/qcar2_nodes/share/qcar2_nodes/package.dsv
[10.851s] -- Installing: /workspaces/isaac_ros-dev/install/qcar2_nodes/share/ament_index/resource_index/packages/qcar2_nodes
[10.851s] -- Installing: /workspaces/isaac_ros-dev/install/qcar2_nodes/share/qcar2_nodes/cmake/qcar2_nodesConfig.cmake
[10.851s] -- Installing: /workspaces/isaac_ros-dev/install/qcar2_nodes/share/qcar2_nodes/cmake/qcar2_nodesConfig-version.cmake
[10.852s] -- Installing: /workspaces/isaac_ros-dev/install/qcar2_nodes/share/qcar2_nodes/package.xml
[10.853s] Invoked command in '/workspaces/isaac_ros-dev/build/qcar2_nodes' returned '0': AMENT_PREFIX_PATH=/workspaces/isaac_ros-dev/install/qcar2_interfaces:${AMENT_PREFIX_PATH} CMAKE_PREFIX_PATH=/workspaces/isaac_ros-dev/install/qcar2_interfaces:/workspace/cartographer_ws/install/perception_pcl:/workspace/cartographer_ws/install/pcl_ros:/workspace/cartographer_ws/install/cartographer_rviz:/workspace/cartographer_ws/install/cartographer_ros:/workspace/cartographer_ws/install/pcl_conversions:/workspace/cartographer_ws/install/pcl_msgs:/workspace/cartographer_ws/install/isaac_ros_tensor_list_interfaces:/workspace/cartographer_ws/install/isaac_ros_pointcloud_interfaces:/workspace/cartographer_ws/install/isaac_ros_nova_interfaces:/workspace/cartographer_ws/install/isaac_ros_nitros_bridge_interfaces:/workspace/cartographer_ws/install/isaac_ros_common:/workspace/cartographer_ws/install/isaac_ros_bi3d_interfaces:/workspace/cartographer_ws/install/isaac_ros_apriltag_interfaces:/workspace/cartographer_ws/install/control_msgs:/workspace/cartographer_ws/install/cartographer_ros_msgs:/workspace/cartographer_ws/install/cartographer:/workspace/cartographer_ws/install/absl:/workspace/cartographer_ws/install/isaac_ros_test:/opt/ros/humble LD_LIBRARY_PATH=/workspaces/isaac_ros-dev/install/qcar2_interfaces/lib:${LD_LIBRARY_PATH} PYTHONPATH=/workspaces/isaac_ros-dev/install/qcar2_interfaces/lib/python3.8/site-packages:${PYTHONPATH} /usr/bin/cmake --install /workspaces/isaac_ros-dev/build/qcar2_nodes
